******************************************************************************
                  MSP430 Linker PC v4.0.0                      
******************************************************************************
>> Linked Wed Oct 23 03:59:04 2013

OUTPUT FILE NAME:   <Modulo_RS232.out>
ENTRY POINT SYMBOL: "_c_int00"  address: 000046b8


MEMORY CONFIGURATION

         name            origin    length      used     unused   attr    fill
----------------------  --------  ---------  --------  --------  ----  --------
  SFR                   00000000   00000010  00000000  00000010  RWIX
  PERIPHERALS_8BIT      00000010   000000f0  00000000  000000f0  RWIX
  PERIPHERALS_16BIT     00000100   00000100  00000000  00000100  RWIX
  INFOD                 00001800   00000080  00000000  00000080  RWIX
  INFOC                 00001880   00000080  00000000  00000080  RWIX
  INFOB                 00001900   00000080  00000000  00000080  RWIX
  INFOA                 00001980   00000080  00000000  00000080  RWIX
  RAM                   00002400   00002000  00000e94  0000116c  RWIX
  FLASH                 00004400   0000bb80  000051f8  00006988  RWIX
  INT00                 0000ff80   00000002  00000000  00000002  RWIX
  INT01                 0000ff82   00000002  00000000  00000002  RWIX
  INT02                 0000ff84   00000002  00000000  00000002  RWIX
  INT03                 0000ff86   00000002  00000000  00000002  RWIX
  INT04                 0000ff88   00000002  00000000  00000002  RWIX
  INT05                 0000ff8a   00000002  00000000  00000002  RWIX
  INT06                 0000ff8c   00000002  00000000  00000002  RWIX
  INT07                 0000ff8e   00000002  00000000  00000002  RWIX
  INT08                 0000ff90   00000002  00000000  00000002  RWIX
  INT09                 0000ff92   00000002  00000000  00000002  RWIX
  INT10                 0000ff94   00000002  00000000  00000002  RWIX
  INT11                 0000ff96   00000002  00000000  00000002  RWIX
  INT12                 0000ff98   00000002  00000000  00000002  RWIX
  INT13                 0000ff9a   00000002  00000000  00000002  RWIX
  INT14                 0000ff9c   00000002  00000000  00000002  RWIX
  INT15                 0000ff9e   00000002  00000000  00000002  RWIX
  INT16                 0000ffa0   00000002  00000000  00000002  RWIX
  INT17                 0000ffa2   00000002  00000000  00000002  RWIX
  INT18                 0000ffa4   00000002  00000000  00000002  RWIX
  INT19                 0000ffa6   00000002  00000000  00000002  RWIX
  INT20                 0000ffa8   00000002  00000000  00000002  RWIX
  INT21                 0000ffaa   00000002  00000000  00000002  RWIX
  INT22                 0000ffac   00000002  00000000  00000002  RWIX
  INT23                 0000ffae   00000002  00000000  00000002  RWIX
  INT24                 0000ffb0   00000002  00000000  00000002  RWIX
  INT25                 0000ffb2   00000002  00000000  00000002  RWIX
  INT26                 0000ffb4   00000002  00000000  00000002  RWIX
  INT27                 0000ffb6   00000002  00000000  00000002  RWIX
  INT28                 0000ffb8   00000002  00000000  00000002  RWIX
  INT29                 0000ffba   00000002  00000000  00000002  RWIX
  INT30                 0000ffbc   00000002  00000000  00000002  RWIX
  INT31                 0000ffbe   00000002  00000000  00000002  RWIX
  INT32                 0000ffc0   00000002  00000000  00000002  RWIX
  INT33                 0000ffc2   00000002  00000000  00000002  RWIX
  INT34                 0000ffc4   00000002  00000000  00000002  RWIX
  INT35                 0000ffc6   00000002  00000000  00000002  RWIX
  INT36                 0000ffc8   00000002  00000000  00000002  RWIX
  INT37                 0000ffca   00000002  00000000  00000002  RWIX
  INT38                 0000ffcc   00000002  00000000  00000002  RWIX
  INT39                 0000ffce   00000002  00000000  00000002  RWIX
  INT40                 0000ffd0   00000002  00000000  00000002  RWIX
  INT41                 0000ffd2   00000002  00000002  00000000  RWIX
  INT42                 0000ffd4   00000002  00000000  00000002  RWIX
  INT43                 0000ffd6   00000002  00000000  00000002  RWIX
  INT44                 0000ffd8   00000002  00000002  00000000  RWIX
  INT45                 0000ffda   00000002  00000000  00000002  RWIX
  INT46                 0000ffdc   00000002  00000002  00000000  RWIX
  INT47                 0000ffde   00000002  00000000  00000002  RWIX
  INT48                 0000ffe0   00000002  00000000  00000002  RWIX
  INT49                 0000ffe2   00000002  00000002  00000000  RWIX
  INT50                 0000ffe4   00000002  00000002  00000000  RWIX
  INT51                 0000ffe6   00000002  00000000  00000002  RWIX
  INT52                 0000ffe8   00000002  00000000  00000002  RWIX
  INT53                 0000ffea   00000002  00000000  00000002  RWIX
  INT54                 0000ffec   00000002  00000002  00000000  RWIX
  INT55                 0000ffee   00000002  00000000  00000002  RWIX
  INT56                 0000fff0   00000002  00000002  00000000  RWIX
  INT57                 0000fff2   00000002  00000000  00000002  RWIX
  INT58                 0000fff4   00000002  00000000  00000002  RWIX
  INT59                 0000fff6   00000002  00000000  00000002  RWIX
  INT60                 0000fff8   00000002  00000000  00000002  RWIX
  INT61                 0000fffa   00000002  00000000  00000002  RWIX
  INT62                 0000fffc   00000002  00000000  00000002  RWIX
  RESET                 0000fffe   00000002  00000002  00000000  RWIX
  FLASH2                00010000   00014400  00000000  00014400  RWIX


SECTION ALLOCATION MAP

 output                                  attributes/
section   page    origin      length       input sections
--------  ----  ----------  ----------   ----------------
.pinit     0    00004400    00000000     UNINITIALIZED

.bss       0    00002400    00000df4     UNINITIALIZED
                  00002400    0000040e     dma.obj (.bss)
                  0000280e    00000298     log.obj (.bss)
                  00002aa6    0000024e     SD_Card.obj (.bss)
                  00002cf4    00000180     flash.obj (.bss)
                  00002e74    00000132     strbus.obj (.bss)
                  00002fa6    00000092     xbob_4.obj (.bss)
                  00003038    0000008c     adc.obj (.bss)
                  000030c4    00000049     Conductividad.obj (.bss)
                  0000310d    00000001     --HOLE--
                  0000310e    00000038     Temperatura.obj (.bss)
                  00003146    00000028     pwm.obj (.bss)
                  0000316e    00000024     dsp.obj (.bss)
                  00003192    00000024     modos.obj (.bss)
                  000031b6    0000001a     HAL_RTC.obj (.bss)
                  000031d0    00000008     rts430x.lib : _lock.obj (.bss)
                  000031d8    00000008                 : boot.obj (.bss)
                  000031e0    00000006     Timer_A2.obj (.bss)
                  000031e6    00000004     ff.obj (.bss)
                  000031ea    00000003     mmc.obj (.bss)
                  000031ed    00000001     --HOLE--
                  000031ee    00000002     calibrar_temperatura.obj (.bss)
                  000031f0    00000002     flash_mapeo_variables.obj (.bss)
                  000031f2    00000002     main.obj (.bss)

.stack     0    00004360    000000a0     UNINITIALIZED
                  00004360    00000002     rts430x.lib : boot.obj (.stack)
                  00004362    0000009e     --HOLE--

.text:_isr 
*          0    00004400    00000308     
                  00004400    000000e8     HAL_RTC.obj (.text:_isr:RTC_ISR)
                  000044e8    0000008c     uart.obj (.text:_isr:USCI_A1_ISR)
                  00004574    00000074     dma.obj (.text:_isr:DMA_ISR)
                  000045e8    0000005e     uart.obj (.text:_isr:USCI_A0_ISR)
                  00004646    00000046     adc.obj (.text:_isr:ADC12_ISR)
                  0000468c    0000002c     Timer_A0.obj (.text:_isr:TIMER1_A0_ISR)
                  000046b8    0000002a     rts430x.lib : boot.obj (.text:_isr:_c_int00_noexit)
                  000046e2    00000026     Timer_A2.obj (.text:_isr:TIMER2_A0_ISR)

.cinit     0    00004708    0000024e     
                  00004708    0000007d     Conductividad.obj (.cinit)
                  00004785    00000001     --HOLE-- [fill = 0]
                  00004786    0000005f     xbob_4.obj (.cinit)
                  000047e5    00000001     --HOLE-- [fill = 0]
                  000047e6    0000005c     Temperatura.obj (.cinit)
                  00004842    00000042     modos.obj (.cinit)
                  00004884    00000030     HAL_RTC.obj (.cinit)
                  000048b4    00000030     dsp.obj (.cinit)
                  000048e4    0000001d     SD_Card.obj (.cinit)
                  00004901    00000001     --HOLE-- [fill = 0]
                  00004902    0000001c     adc.obj (.cinit)
                  0000491e    00000018     dma.obj (.cinit)
                  00004936    0000000c     log.obj (.cinit)
                  00004942    0000000b     mmc.obj (.cinit)
                  0000494d    00000001     --HOLE-- [fill = 0]
                  0000494e    00000006     main.obj (.cinit)
                  00004954    00000002     --HOLE-- [fill = 0]

.text      0    00004956    00004c10     
                  00004956    00001112     modos.obj (.text:Modos_Maq_Estados)
                  00005a68    000004b0     ff.obj (.text:chk_mounted)
                  00005f18    0000028c     ff.obj (.text:f_write)
                  000061a4    00000250     ff.obj (.text:f_lseek)
                  000063f4    00000218     hardware_macros.obj (.text:Dir_Pin)
                  0000660c    00000218     ff.obj (.text:f_open)
                  00006824    000001e0     ff.obj (.text:f_read)
                  00006a04    00000198     log.obj (.text:ArchivoLogGeneral)
                  00006b9c    0000017e     ff.obj (.text:put_fat)
                  00006d1a    0000017c     ff.obj (.text:create_name)
                  00006e96    00000176     ff.obj (.text:dir_next)
                  0000700c    00000140     mmc.obj (.text:disk_initialize)
                  0000714c    00000132     ff.obj (.text:get_fat)
                  0000727e    00000120     ff.obj (.text:create_chain)
                  0000739e    000000fc     ff.obj (.text:f_unlink)
                  0000749a    000000fa     hardware_drivers.obj (.text:Inicializacion_Hardware_Board)
                  00007594    000000fa     ff.obj (.text:dir_sdi)
                  0000768e    000000f4     mmc.obj (.text:disk_ioctl)
                  00007782    000000f0     ff.obj (.text:sync)
                  00007872    000000e6     strbus.obj (.text:Analizar_Frame)
                  00007958    000000e4     HAL_UCS.obj (.text:Init_FLL)
                  00007a3c    000000e0     log.obj (.text:DatosFechaHora)
                  00007b1c    000000d4     HAL_PMM.obj (.text:SetVCoreUp)
                  00007bf0    000000d2     ff.obj (.text:get_fileinfo)
                  00007cc2    000000be     ff.obj (.text:move_window)
                  00007d80    000000bc     mmc.obj (.text:disk_write)
                  00007e3c    000000ba     SD_Card.obj (.text:AppWriteFile)
                  00007ef6    000000b2     SD_Card.obj (.text:GetDirectory)
                  00007fa8    000000ae     mmc.obj (.text:send_cmd)
                  00008056    000000aa     ff.obj (.text:follow_path)
                  00008100    000000a8     ff.obj (.text:f_sync)
                  000081a8    000000a2     ff.obj (.text:f_opendir)
                  0000824a    0000009c     ff.obj (.text:remove_chain)
                  000082e6    0000009a     HAL_PMM.obj (.text:SetVCoreDown)
                  00008380    00000094     ff.obj (.text:check_fs)
                  00008414    00000094     mmc.obj (.text:disk_read)
                  000084a8    00000088     strbus.obj (.text:Tarea_Atender_Canal_Recepcion)
                  00008530    00000084     flash.obj (.text:Escribir_DWord_en_Flash)
                  000085b4    00000084     ff.obj (.text:dir_register)
                  00008638    00000082     HAL_RTC.obj (.text:Establecer_Registros_RTC)
                  000086ba    0000007a     log.obj (.text:Leer_Stream_Archivo)
                  00008734    00000072     modos.obj (.text:Extraer_Nombre_de_Archivo)
                  000087a6    00000072     main.obj (.text:main)
                  00008818    0000006e     flash.obj (.text:Escribir_Word_en_Flash)
                  00008886    00000064     ff.obj (.text:f_readdir)
                  000088ea    00000062     SD_Card.obj (.text:ClearTempData)
                  0000894c    00000062     flash.obj (.text:Escribir_Byte_en_Flash)
                  000089ae    0000005e     hardware_drivers.obj (.text:Inicializacion_Hardware_Conductividad)
                  00008a0c    0000005e     ff.obj (.text:dir_read)
                  00008a6a    0000005a     ff.obj (.text:dir_find)
                  00008ac4    00000058     strbus.obj (.text:Cargar_Respuesta)
                  00008b1c    00000058     rts430x.lib : div32u.obj (.text)
                  00008b74    00000058     mmc.obj (.text:xmit_datablock)
                  00008bcc    00000054     flash_mapeo_variables.obj (.text:RecuperarVariablesFlash)
                  00008c20    00000052     mmc.obj (.text:rcvr_datablock)
                  00008c72    0000004a     log.obj (.text:Encabezado)
                  00008cbc    0000004a     HAL_SDCard.obj (.text:SDCard_init)
                  00008d06    00000048     SD_Card.obj (.text:WriteFile)
                  00008d4e    00000046     rts430x.lib : autoinit.obj (.text:_auto_init)
                  00008d94    00000040     HAL_RTC.obj (.text:Init_RTC)
                  00008dd4    00000040     strbus.obj (.text:Leer_Dato_Buffer)
                  00008e14    00000040     HAL_PMM.obj (.text:SetVCore)
                  00008e54    00000040     rts430x.lib : div32s.obj (.text)
                  00008e94    0000003e     ff.obj (.text:clust2sect)
                  00008ed2    0000003e     rts430x.lib : lsl32.obj (.text:l_lsl_const)
                  00008f10    0000003e                 : lsr32.obj (.text:l_lsr_const)
                  00008f4e    0000003c     strbus.obj (.text:Inicializar_Canal)
                  00008f8a    0000003c     strbus.obj (.text:Inicializar_Terminal)
                  00008fc6    0000003c     strbus.obj (.text:Tarea_Atender_Canal_Transmision)
                  00009002    00000038     strbus.obj (.text:Escribir_Dato_Buffer)
                  0000903a    00000038     Timer_A2.obj (.text:Timer_A2_Delay)
                  00009072    00000036     HAL_UCS.obj (.text:Init_FLL_Settle)
                  000090a8    00000036     HAL_UCS.obj (.text:LFXT_Start)
                  000090de    00000036     ff.obj (.text:dir_remove)
                  00009114    00000036     mmc.obj (.text:wait_ready)
                  0000914a    00000032     main.obj (.text:Inicializar_FLL)
                  0000917c    00000032     uart.obj (.text:Inicializar_UART0)
                  000091ae    00000032     uart.obj (.text:Inicializar_UART1)
                  000091e0    00000032     HAL_SDCard.obj (.text:SDCard_readFrame)
                  00009212    0000002e     ff.obj (.text:f_mount)
                  00009240    0000002c     rts430x.lib : div16s.obj (.text)
                  0000926c    0000002c     ff.obj (.text:validate)
                  00009298    0000002a     HAL_SDCard.obj (.text:SDCard_sendFrame)
                  000092c2    00000028     log.obj (.text:Init_Leer_Stream_Archivo)
                  000092ea    00000026     SD_Card.obj (.text:ExistingFile)
                  00009310    00000022     rts430x.lib : mult32_f5hw.obj (.text)
                  00009332    00000020     funciones_arrays.obj (.text:CopiarArray_8_bits)
                  00009352    00000020     mmc.obj (.text:disk_status)
                  00009372    00000020     rts430x.lib : strcat.obj (.text:strcat)
                  00009392    0000001e     HAL_RTC.obj (.text:Leer_Registros_RTC)
                  000093b0    0000001c     HAL_RTC.obj (.text:Activar_Timeout_Slave)
                  000093cc    00000018     mmc.obj (.text:select)
                  000093e4    00000016     rts430x.lib : div16u.obj (.text)
                  000093fa    00000016                 : mult16_f5hw.obj (.text)
                  00009410    00000016                 : strcpy.obj (.text:strcpy)
                  00009426    00000014     ff.obj (.text:chk_chr)
                  0000943a    00000014     ff.obj (.text:f_close)
                  0000944e    00000014     ff.obj (.text:mem_cmp)
                  00009462    00000014     rts430x.lib : memset.obj (.text:memset)
                  00009476    00000012     strbus.obj (.text:Checksum)
                  00009488    00000012     uart.obj (.text:Iniciar_Transmision_Paquete_UART0)
                  0000949a    00000012     HAL_SDCard.obj (.text:SDCard_fastMode)
                  000094ac    00000012     mmc.obj (.text:deselect)
                  000094be    00000012     rts430x.lib : memcpy.obj (.text:memcpy)
                  000094d0    00000012                 : strlen.obj (.text:strlen)
                  000094e2    00000010     HAL_RTC.obj (.text:Inicializar_Timeout_UART_1)
                  000094f2    00000010     rts430x.lib : lsl32.obj (.text:l_lsl)
                  00009502    00000010     ff.obj (.text:mem_cpy)
                  00009512    00000010     ff.obj (.text:mem_set)
                  00009522    0000000a     xbob_4.obj (.text:Inicializar_XBOB)
                  0000952c    0000000a     mmc.obj (.text:get_fattime)
                  00009536    0000000a     rts430x.lib : lsl16.obj (.text)
                  00009540    00000008     HAL_SDCard.obj (.text:SDCard_setCSHigh)
                  00009548    00000008     HAL_SDCard.obj (.text:SDCard_setCSLow)
                  00009550    00000006     mmc.obj (.text:rcvr_mmc)
                  00009556    00000006     mmc.obj (.text:xmit_mmc)
                  0000955c    00000004     rts430x.lib : pre_init.obj (.text:_system_pre_init)
                  00009560    00000004                 : exit.obj (.text:abort)
                  00009564    00000002                 : _lock.obj (.text:_nop)

.const     0    00009566    00000092     
                  00009566    0000002c     log.obj (.const:.string)
                  00009592    0000002a     main.obj (.const:.string)
                  000095bc    00000018     xbob_4.obj (.const:.string)
                  000095d4    00000010     ff.obj (.const:.string)
                  000095e4    0000000e     SD_Card.obj (.const:.string)
                  000095f2    00000006     modos.obj (.const:.string)

.int41     0    0000ffd2    00000002     
                  0000ffd2    00000002     HAL_RTC.obj (.int41)

.int44     0    0000ffd8    00000002     
                  0000ffd8    00000002     Timer_A2.obj (.int44)

.int46     0    0000ffdc    00000002     
                  0000ffdc    00000002     uart.obj (.int46)

.int49     0    0000ffe2    00000002     
                  0000ffe2    00000002     Timer_A0.obj (.int49)

.int50     0    0000ffe4    00000002     
                  0000ffe4    00000002     dma.obj (.int50)

.int54     0    0000ffec    00000002     
                  0000ffec    00000002     adc.obj (.int54)

.int56     0    0000fff0    00000002     
                  0000fff0    00000002     uart.obj (.int56)

.reset     0    0000fffe    00000002     
                  0000fffe    00000002     rts430x.lib : boot.obj (.reset)


GLOBAL SYMBOLS: SORTED ALPHABETICALLY BY Name 

address    name
--------   ----
00002400   .bss
ffffffff   .text
00000700   ADC12CTL0
00000701   ADC12CTL0_H
00000700   ADC12CTL0_L
00000702   ADC12CTL1
00000703   ADC12CTL1_H
00000702   ADC12CTL1_L
00000704   ADC12CTL2
00000705   ADC12CTL2_H
00000704   ADC12CTL2_L
0000070c   ADC12IE
0000070d   ADC12IE_H
0000070c   ADC12IE_L
0000070a   ADC12IFG
0000070b   ADC12IFG_H
0000070a   ADC12IFG_L
0000070e   ADC12IV
0000070f   ADC12IV_H
0000070e   ADC12IV_L
00000710   ADC12MCTL0
00000711   ADC12MCTL1
0000071a   ADC12MCTL10
0000071b   ADC12MCTL11
0000071c   ADC12MCTL12
0000071d   ADC12MCTL13
0000071e   ADC12MCTL14
0000071f   ADC12MCTL15
00000712   ADC12MCTL2
00000713   ADC12MCTL3
00000714   ADC12MCTL4
00000715   ADC12MCTL5
00000716   ADC12MCTL6
00000717   ADC12MCTL7
00000718   ADC12MCTL8
00000719   ADC12MCTL9
00000720   ADC12MEM0
00000721   ADC12MEM0_H
00000720   ADC12MEM0_L
00000722   ADC12MEM1
00000734   ADC12MEM10
00000735   ADC12MEM10_H
00000734   ADC12MEM10_L
00000736   ADC12MEM11
00000737   ADC12MEM11_H
00000736   ADC12MEM11_L
00000738   ADC12MEM12
00000739   ADC12MEM12_H
00000738   ADC12MEM12_L
0000073a   ADC12MEM13
0000073b   ADC12MEM13_H
0000073a   ADC12MEM13_L
0000073c   ADC12MEM14
0000073d   ADC12MEM14_H
0000073c   ADC12MEM14_L
0000073e   ADC12MEM15
0000073f   ADC12MEM15_H
0000073e   ADC12MEM15_L
00000723   ADC12MEM1_H
00000722   ADC12MEM1_L
00000724   ADC12MEM2
00000725   ADC12MEM2_H
00000724   ADC12MEM2_L
00000726   ADC12MEM3
00000727   ADC12MEM3_H
00000726   ADC12MEM3_L
00000728   ADC12MEM4
00000729   ADC12MEM4_H
00000728   ADC12MEM4_L
0000072a   ADC12MEM5
0000072b   ADC12MEM5_H
0000072a   ADC12MEM5_L
0000072c   ADC12MEM6
0000072d   ADC12MEM6_H
0000072c   ADC12MEM6_L
0000072e   ADC12MEM7
0000072f   ADC12MEM7_H
0000072e   ADC12MEM7_L
00000730   ADC12MEM8
00000731   ADC12MEM8_H
00000730   ADC12MEM8_L
00000732   ADC12MEM9
00000733   ADC12MEM9_H
00000732   ADC12MEM9_L
00004646   ADC12_ISR
00003116   ADC_R_Alto
0000311a   ADC_R_Bajo
000093b0   Activar_Timeout_Slave
00007872   Analizar_Frame
00007e3c   AppWriteFile
00006a04   ArchivoLogGeneral
00009560   C$$EXIT
000008c0   CBCTL0
000008c1   CBCTL0_H
000008c0   CBCTL0_L
000008c2   CBCTL1
000008c3   CBCTL1_H
000008c2   CBCTL1_L
000008c4   CBCTL2
000008c5   CBCTL2_H
000008c4   CBCTL2_L
000008c6   CBCTL3
000008c7   CBCTL3_H
000008c6   CBCTL3_L
000008cc   CBINT
000008cd   CBINT_H
000008cc   CBINT_L
000008ce   CBIV
00000150   CRCDI
00000152   CRCDIRB
00000153   CRCDIRB_H
00000152   CRCDIRB_L
00000151   CRCDI_H
00000150   CRCDI_L
00000154   CRCINIRES
00000155   CRCINIRES_H
00000154   CRCINIRES_L
00000156   CRCRESR
00000157   CRCRESR_H
00000156   CRCRESR_L
00008ac4   Cargar_Respuesta
00009476   Checksum
000088ea   ClearTempData
00009332   CopiarArray_8_bits
00000510   DMA0CTL
00000511   DMA0CTL_H
00000510   DMA0CTL_L
00000516   DMA0DA
00000516   DMA0DAL
00000512   DMA0SA
00000512   DMA0SAL
0000051a   DMA0SZ
00000520   DMA1CTL
00000521   DMA1CTL_H
00000520   DMA1CTL_L
00000526   DMA1DA
00000526   DMA1DAL
00000522   DMA1SA
00000522   DMA1SAL
0000052a   DMA1SZ
00000530   DMA2CTL
00000531   DMA2CTL_H
00000530   DMA2CTL_L
00000536   DMA2DA
00000536   DMA2DAL
00000532   DMA2SA
00000532   DMA2SAL
0000053a   DMA2SZ
00000500   DMACTL0
00000501   DMACTL0_H
00000500   DMACTL0_L
00000502   DMACTL1
00000503   DMACTL1_H
00000502   DMACTL1_L
00000504   DMACTL2
00000505   DMACTL2_H
00000504   DMACTL2_L
00000506   DMACTL3
00000507   DMACTL3_H
00000506   DMACTL3_L
00000508   DMACTL4
00000509   DMACTL4_H
00000508   DMACTL4_L
0000050e   DMAIV
0000050f   DMAIV_H
0000050e   DMAIV_L
00002400   DMA_Canal_0
00002604   DMA_Canal_1
00004574   DMA_ISR
00007a3c   DatosFechaHora
000063f4   Dir_Pin
00008c72   Encabezado
UNDEFED    Escribir_Byte_Frame
0000894c   Escribir_Byte_en_Flash
00008530   Escribir_DWord_en_Flash
00009002   Escribir_Dato_Buffer
00008818   Escribir_Word_en_Flash
00008638   Establecer_Registros_RTC
000092ea   ExistingFile
00008734   Extraer_Nombre_de_Archivo
00000140   FCTL1
00000141   FCTL1_H
00000140   FCTL1_L
00000144   FCTL3
00000145   FCTL3_H
00000144   FCTL3_L
00000146   FCTL4
00000147   FCTL4_H
00000146   FCTL4_L
00007ef6   GetDirectory
000031ea   INS
000030d0   I_Acumulador
000030c4   I_Integral_Media_Onda_Promediado
00009536   I_LSL
000030d4   I_Maximo_Promedio
0000749a   Inicializacion_Hardware_Board
000089ae   Inicializacion_Hardware_Conductividad
00008f4e   Inicializar_Canal
0000914a   Inicializar_FLL
00008f8a   Inicializar_Terminal
000094e2   Inicializar_Timeout_UART_1
0000917c   Inicializar_UART0
000091ae   Inicializar_UART1
00009522   Inicializar_XBOB
00009488   Iniciar_Transmision_Paquete_UART0
00007958   Init_FLL
00009072   Init_FLL_Settle
000092c2   Init_Leer_Stream_Archivo
00008d94   Init_RTC
000090a8   LFXT_Start
000094f2   L_LSL
00008f0a   L_LSL_1
00008ee6   L_LSL_10
00008ee2   L_LSL_11
00008ede   L_LSL_12
00008eda   L_LSL_13
00008ed6   L_LSL_14
00008ed2   L_LSL_15
00008f06   L_LSL_2
00008f02   L_LSL_3
00008efe   L_LSL_4
00008efa   L_LSL_5
00008ef6   L_LSL_6
00008ef2   L_LSL_7
00008eee   L_LSL_8
00008eea   L_LSL_9
00008f48   L_LSR_1
00008f24   L_LSR_10
00008f20   L_LSR_11
00008f1c   L_LSR_12
00008f18   L_LSR_13
00008f14   L_LSR_14
00008f10   L_LSR_15
00008f44   L_LSR_2
00008f40   L_LSR_3
00008f3c   L_LSR_4
00008f38   L_LSR_5
00008f34   L_LSR_6
00008f30   L_LSR_7
00008f2c   L_LSR_8
00008f28   L_LSR_9
00008dd4   Leer_Dato_Buffer
00009392   Leer_Registros_RTC
000086ba   Leer_Stream_Archivo
000004c4   MAC
000004da   MAC32H
000004db   MAC32H_H
000004da   MAC32H_L
000004d8   MAC32L
000004d9   MAC32L_H
000004d8   MAC32L_L
000004c6   MACS
000004de   MACS32H
000004df   MACS32H_H
000004de   MACS32H_L
000004dc   MACS32L
000004dd   MACS32L_H
000004dc   MACS32L_L
000004c7   MACS_H
000004c6   MACS_L
000004c5   MAC_H
000004c4   MAC_L
000004c0   MPY
000004ec   MPY32CTL0
000004ed   MPY32CTL0_H
000004ec   MPY32CTL0_L
000004d2   MPY32H
000004d3   MPY32H_H
000004d2   MPY32H_L
000004d0   MPY32L
000004d1   MPY32L_H
000004d0   MPY32L_L
000004c2   MPYS
000004d6   MPYS32H
000004d7   MPYS32H_H
000004d6   MPYS32H_L
000004d4   MPYS32L
000004d5   MPYS32L_H
000004d4   MPYS32L_L
000004c3   MPYS_H
000004c2   MPYS_L
000004c1   MPY_H
000004c0   MPY_L
00004956   Modos_Maq_Estados
000004c8   OP2
000004e2   OP2H
000004e3   OP2H_H
000004e2   OP2H_L
000004e0   OP2L
000004e1   OP2L_H
000004e0   OP2L_L
000004c9   OP2_H
000004c8   OP2_L
000030fc   OffsetConductividadCompensada
000030e8   Offset_Conductividad
0000319e   Offset_Conductividad_tmp
0000312a   Offset_Resistencia
00003196   Offset_Resistencia_tmp
0000313e   Offset_Temperatura
0000020e   P1IV
0000021e   P2IV
000001e0   P4MAP01
000001e1   P4MAP01_H
000001e0   P4MAP01_L
000001e2   P4MAP23
000001e3   P4MAP23_H
000001e2   P4MAP23_L
000001e4   P4MAP45
000001e5   P4MAP45_H
000001e4   P4MAP45_L
000001e6   P4MAP67
000001e7   P4MAP67_H
000001e6   P4MAP67_L
00000204   PADIR
00000205   PADIR_H
00000204   PADIR_L
00000208   PADS
00000209   PADS_H
00000208   PADS_L
0000021a   PAIE
00000218   PAIES
00000219   PAIES_H
00000218   PAIES_L
0000021b   PAIE_H
0000021a   PAIE_L
0000021c   PAIFG
0000021d   PAIFG_H
0000021c   PAIFG_L
00000200   PAIN
00000201   PAIN_H
00000200   PAIN_L
00000202   PAOUT
00000203   PAOUT_H
00000202   PAOUT_L
00000206   PAREN
00000207   PAREN_H
00000206   PAREN_L
0000020a   PASEL
0000020b   PASEL_H
0000020a   PASEL_L
00000224   PBDIR
00000225   PBDIR_H
00000224   PBDIR_L
00000228   PBDS
00000229   PBDS_H
00000228   PBDS_L
00000220   PBIN
00000221   PBIN_H
00000220   PBIN_L
00000222   PBOUT
00000223   PBOUT_H
00000222   PBOUT_L
00000226   PBREN
00000227   PBREN_H
00000226   PBREN_L
0000022a   PBSEL
0000022b   PBSEL_H
0000022a   PBSEL_L
00000244   PCDIR
00000245   PCDIR_H
00000244   PCDIR_L
00000248   PCDS
00000249   PCDS_H
00000248   PCDS_L
00000240   PCIN
00000241   PCIN_H
00000240   PCIN_L
00000242   PCOUT
00000243   PCOUT_H
00000242   PCOUT_L
00000246   PCREN
00000247   PCREN_H
00000246   PCREN_L
0000024a   PCSEL
0000024b   PCSEL_H
0000024a   PCSEL_L
000030f4   PConductividad
000030f8   PConductividadCompensada
00000264   PDDIR
00000265   PDDIR_H
00000264   PDDIR_L
00000268   PDDS
00000269   PDDS_H
00000268   PDDS_L
00000260   PDIN
00000261   PDIN_H
00000260   PDIN_L
00000262   PDOUT
00000263   PDOUT_H
00000262   PDOUT_L
00000266   PDREN
00000267   PDREN_H
00000266   PDREN_L
0000026a   PDSEL
0000026b   PDSEL_H
0000026a   PDSEL_L
00000324   PJDIR
00000325   PJDIR_H
00000324   PJDIR_L
00000328   PJDS
00000329   PJDS_H
00000328   PJDS_L
00000320   PJIN
00000321   PJIN_H
00000320   PJIN_L
00000322   PJOUT
00000323   PJOUT_H
00000322   PJOUT_L
00000326   PJREN
00000327   PJREN_H
00000326   PJREN_L
00000130   PM5CTL0
00000131   PM5CTL0_H
00000130   PM5CTL0_L
000001c2   PMAPCTL
000001c3   PMAPCTL_H
000001c2   PMAPCTL_L
000001c0   PMAPKEYID
000001c1   PMAPKEYID_H
000001c0   PMAPKEYID_L
00000120   PMMCTL0
00000121   PMMCTL0_H
00000120   PMMCTL0_L
00000122   PMMCTL1
00000123   PMMCTL1_H
00000122   PMMCTL1_L
0000012c   PMMIFG
0000012d   PMMIFG_H
0000012c   PMMIFG_L
0000012e   PMMRIE
0000012f   PMMRIE_H
0000012e   PMMRIE_L
00003112   PPT100
0000310e   PT100A
00003110   PT100B
000030c2   PT100PromedioObtenido
000030e4   Pendiente_Conductividad
0000319a   Pendiente_Conductividad_tmp
00003126   Pendiente_Resistencia
00003192   Pendiente_Resistencia_tmp
0000313a   Pendiente_Temperatura
00000158   RCCTL0
00000159   RCCTL0_H
00000158   RCCTL0_L
000001b0   REFCTL0
000001b1   REFCTL0_H
000001b0   REFCTL0_L
000004e4   RES0
000004e5   RES0_H
000004e4   RES0_L
000004e6   RES1
000004e7   RES1_H
000004e6   RES1_L
000004e8   RES2
000004e9   RES2_H
000004e8   RES2_L
000004ea   RES3
000004eb   RES3_H
000004ea   RES3_L
000004cc   RESHI
000004cd   RESHI_H
000004cc   RESHI_L
000004ca   RESLO
000004cb   RESLO_H
000004ca   RESLO_L
00003142   RLeida
000004ba   RTCADOWDAY
000004bb   RTCADOWDAY_H
000004ba   RTCADOWDAY_L
000004b8   RTCAMINHR
000004b9   RTCAMINHR_H
000004b8   RTCAMINHR_L
000004a0   RTCCTL01
000004a1   RTCCTL01_H
000004a0   RTCCTL01_L
000004a2   RTCCTL23
000004a3   RTCCTL23_H
000004a2   RTCCTL23_L
000004b4   RTCDATE
000004b5   RTCDATE_H
000004b4   RTCDATE_L
000004ae   RTCIV
000004ac   RTCPS
000004a8   RTCPS0CTL
000004a9   RTCPS0CTL_H
000004a8   RTCPS0CTL_L
000004aa   RTCPS1CTL
000004ab   RTCPS1CTL_H
000004aa   RTCPS1CTL_L
000004ad   RTCPS_H
000004ac   RTCPS_L
000004b0   RTCTIM0
000004b1   RTCTIM0_H
000004b0   RTCTIM0_L
000004b2   RTCTIM1
000004b3   RTCTIM1_H
000004b2   RTCTIM1_L
000004b6   RTCYEAR
000004b7   RTCYEAR_H
000004b6   RTCYEAR_L
00004400   RTC_ISR
0000311e   R_Alto
00003122   R_Bajo
00008bcc   RecuperarVariablesFlash
0000312e   Resistencia_Medida
0000949a   SDCard_fastMode
00008cbc   SDCard_init
000091e0   SDCard_readFrame
00009298   SDCard_sendFrame
00009540   SDCard_setCSHigh
00009548   SDCard_setCSLow
00000100   SFRIE1
00000101   SFRIE1_H
00000100   SFRIE1_L
00000102   SFRIFG1
00000103   SFRIFG1_H
00000102   SFRIFG1_L
00000104   SFRRPCR
00000105   SFRRPCR_H
00000104   SFRRPCR_L
000004ce   SUMEXT
000004cf   SUMEXT_H
000004ce   SUMEXT_L
00000124   SVSMHCTL
00000125   SVSMHCTL_H
00000124   SVSMHCTL_L
00000128   SVSMIO
00000129   SVSMIO_H
00000128   SVSMIO_L
00000126   SVSMLCTL
00000127   SVSMLCTL_H
00000126   SVSMLCTL_L
00000198   SYSBERRIV
00000199   SYSBERRIV_H
00000198   SYSBERRIV_L
00000182   SYSBSLC
00000183   SYSBSLC_H
00000182   SYSBSLC_L
00000180   SYSCTL
00000181   SYSCTL_H
00000180   SYSCTL_L
00000186   SYSJMBC
00000187   SYSJMBC_H
00000186   SYSJMBC_L
00000188   SYSJMBI0
00000189   SYSJMBI0_H
00000188   SYSJMBI0_L
0000018a   SYSJMBI1
0000018b   SYSJMBI1_H
0000018a   SYSJMBI1_L
0000018c   SYSJMBO0
0000018d   SYSJMBO0_H
0000018c   SYSJMBO0_L
0000018e   SYSJMBO1
0000018f   SYSJMBO1_H
0000018e   SYSJMBO1_L
0000019e   SYSRSTIV
0000019f   SYSRSTIV_H
0000019e   SYSRSTIV_L
0000019c   SYSSNIV
0000019d   SYSSNIV_H
0000019c   SYSSNIV_L
0000019a   SYSUNIV
0000019b   SYSUNIV_H
0000019a   SYSUNIV_L
00008e14   SetVCore
00000352   TA0CCR0
00000354   TA0CCR1
00000356   TA0CCR2
00000358   TA0CCR3
0000035a   TA0CCR4
00000342   TA0CCTL0
00000344   TA0CCTL1
00000346   TA0CCTL2
00000348   TA0CCTL3
0000034a   TA0CCTL4
00000340   TA0CTL
00000360   TA0EX0
0000036e   TA0IV
00000350   TA0R
00000392   TA1CCR0
00000394   TA1CCR1
00000396   TA1CCR2
00000382   TA1CCTL0
00000384   TA1CCTL1
00000386   TA1CCTL2
00000380   TA1CTL
000003a0   TA1EX0
000003ae   TA1IV
00000390   TA1R
00000412   TA2CCR0
00000414   TA2CCR1
00000416   TA2CCR2
00000402   TA2CCTL0
00000404   TA2CCTL1
00000406   TA2CCTL2
00000400   TA2CTL
00000420   TA2EX0
0000042e   TA2IV
00000410   TA2R
000003d2   TB0CCR0
000003d4   TB0CCR1
000003d6   TB0CCR2
000003d8   TB0CCR3
000003da   TB0CCR4
000003dc   TB0CCR5
000003de   TB0CCR6
000003c2   TB0CCTL0
000003c4   TB0CCTL1
000003c6   TB0CCTL2
000003c8   TB0CCTL3
000003ca   TB0CCTL4
000003cc   TB0CCTL5
000003ce   TB0CCTL6
000003c0   TB0CTL
000003e0   TB0EX0
000003ee   TB0IV
000003d0   TB0R
0000468c   TIMER1_A0_ISR
000046e2   TIMER2_A0_ISR
000084a8   Tarea_Atender_Canal_Recepcion
00008fc6   Tarea_Atender_Canal_Transmision
0000903a   Timer_A2_Delay
000005d0   UCA0ABCTL
000005c6   UCA0BRW
000005c7   UCA0BRW_H
000005c6   UCA0BRW_L
000005c0   UCA0CTLW0
000005c1   UCA0CTLW0_H
000005c0   UCA0CTLW0_L
000005dc   UCA0ICTL
000005dd   UCA0ICTL_H
000005dc   UCA0ICTL_L
000005d2   UCA0IRCTL
000005d3   UCA0IRCTL_H
000005d2   UCA0IRCTL_L
000005de   UCA0IV
000005c8   UCA0MCTL
000005cc   UCA0RXBUF
000005ca   UCA0STAT
000005ce   UCA0TXBUF
00000610   UCA1ABCTL
00000606   UCA1BRW
00000607   UCA1BRW_H
00000606   UCA1BRW_L
00000600   UCA1CTLW0
00000601   UCA1CTLW0_H
00000600   UCA1CTLW0_L
0000061c   UCA1ICTL
0000061d   UCA1ICTL_H
0000061c   UCA1ICTL_L
00000612   UCA1IRCTL
00000613   UCA1IRCTL_H
00000612   UCA1IRCTL_L
0000061e   UCA1IV
00000608   UCA1MCTL
0000060c   UCA1RXBUF
0000060a   UCA1STAT
0000060e   UCA1TXBUF
000005e6   UCB0BRW
000005e7   UCB0BRW_H
000005e6   UCB0BRW_L
000005e0   UCB0CTLW0
000005e1   UCB0CTLW0_H
000005e0   UCB0CTLW0_L
000005f0   UCB0I2COA
000005f1   UCB0I2COA_H
000005f0   UCB0I2COA_L
000005f2   UCB0I2CSA
000005f3   UCB0I2CSA_H
000005f2   UCB0I2CSA_L
000005fc   UCB0ICTL
000005fd   UCB0ICTL_H
000005fc   UCB0ICTL_L
000005fe   UCB0IV
000005ec   UCB0RXBUF
000005ea   UCB0STAT
000005ee   UCB0TXBUF
00000626   UCB1BRW
00000627   UCB1BRW_H
00000626   UCB1BRW_L
00000620   UCB1CTLW0
00000621   UCB1CTLW0_H
00000620   UCB1CTLW0_L
00000630   UCB1I2COA
00000631   UCB1I2COA_H
00000630   UCB1I2COA_L
00000632   UCB1I2CSA
00000633   UCB1I2CSA_H
00000632   UCB1I2CSA_L
0000063c   UCB1ICTL
0000063d   UCB1ICTL_H
0000063c   UCB1ICTL_L
0000063e   UCB1IV
0000062c   UCB1RXBUF
0000062a   UCB1STAT
0000062e   UCB1TXBUF
00000160   UCSCTL0
00000161   UCSCTL0_H
00000160   UCSCTL0_L
00000162   UCSCTL1
00000163   UCSCTL1_H
00000162   UCSCTL1_L
00000164   UCSCTL2
00000165   UCSCTL2_H
00000164   UCSCTL2_L
00000166   UCSCTL3
00000167   UCSCTL3_H
00000166   UCSCTL3_L
00000168   UCSCTL4
00000169   UCSCTL4_H
00000168   UCSCTL4_L
0000016a   UCSCTL5
0000016b   UCSCTL5_H
0000016a   UCSCTL5_L
0000016c   UCSCTL6
0000016d   UCSCTL6_H
0000016c   UCSCTL6_L
0000016e   UCSCTL7
0000016f   UCSCTL7_H
0000016e   UCSCTL7_L
00000170   UCSCTL8
00000171   UCSCTL8_H
00000170   UCSCTL8_L
00000902   USBCNF
00000903   USBCNF_H
00000902   USBCNF_L
0000093c   USBCTL
0000093a   USBFN
0000093b   USBFN_H
0000093a   USBFN_L
0000093f   USBFUNADR
0000093d   USBIE
00002378   USBIEP0BUF
000023c9   USBIEPBBAX_1
000023d1   USBIEPBBAX_2
000023d9   USBIEPBBAX_3
000023e1   USBIEPBBAX_4
000023e9   USBIEPBBAX_5
000023f1   USBIEPBBAX_6
000023f9   USBIEPBBAX_7
000023cd   USBIEPBBAY_1
000023d5   USBIEPBBAY_2
000023dd   USBIEPBBAY_3
000023e5   USBIEPBBAY_4
000023ed   USBIEPBBAY_5
000023f5   USBIEPBBAY_6
000023fd   USBIEPBBAY_7
000023ca   USBIEPBCTX_1
000023d2   USBIEPBCTX_2
000023da   USBIEPBCTX_3
000023e2   USBIEPBCTX_4
000023ea   USBIEPBCTX_5
000023f2   USBIEPBCTX_6
000023fa   USBIEPBCTX_7
000023ce   USBIEPBCTY_1
000023d6   USBIEPBCTY_2
000023de   USBIEPBCTY_3
000023e6   USBIEPBCTY_4
000023ee   USBIEPBCTY_5
000023f6   USBIEPBCTY_6
000023fe   USBIEPBCTY_7
00000920   USBIEPCNF_0
000023c8   USBIEPCNF_1
000023d0   USBIEPCNF_2
000023d8   USBIEPCNF_3
000023e0   USBIEPCNF_4
000023e8   USBIEPCNF_5
000023f0   USBIEPCNF_6
000023f8   USBIEPCNF_7
00000921   USBIEPCNT_0
0000092e   USBIEPIE
00000930   USBIEPIFG
000023cf   USBIEPSIZXY_1
000023d7   USBIEPSIZXY_2
000023df   USBIEPSIZXY_3
000023e7   USBIEPSIZXY_4
000023ef   USBIEPSIZXY_5
000023f7   USBIEPSIZXY_6
000023ff   USBIEPSIZXY_7
0000093e   USBIFG
00000900   USBKEYID
00000901   USBKEYID_H
00000900   USBKEYID_L
00000936   USBMAINT
00000937   USBMAINT_H
00000936   USBMAINT_L
00002370   USBOEP0BUF
00002389   USBOEPBBAX_1
00002391   USBOEPBBAX_2
00002399   USBOEPBBAX_3
000023a1   USBOEPBBAX_4
000023a9   USBOEPBBAX_5
000023b1   USBOEPBBAX_6
000023b9   USBOEPBBAX_7
0000238d   USBOEPBBAY_1
00002395   USBOEPBBAY_2
0000239d   USBOEPBBAY_3
000023a5   USBOEPBBAY_4
000023ad   USBOEPBBAY_5
000023b5   USBOEPBBAY_6
000023bd   USBOEPBBAY_7
0000238a   USBOEPBCTX_1
00002392   USBOEPBCTX_2
0000239a   USBOEPBCTX_3
000023a2   USBOEPBCTX_4
000023aa   USBOEPBCTX_5
000023b2   USBOEPBCTX_6
000023ba   USBOEPBCTX_7
0000238e   USBOEPBCTY_1
00002396   USBOEPBCTY_2
0000239e   USBOEPBCTY_3
000023a6   USBOEPBCTY_4
000023ae   USBOEPBCTY_5
000023b6   USBOEPBCTY_6
000023be   USBOEPBCTY_7
00000922   USBOEPCNF_0
00002388   USBOEPCNF_1
00002390   USBOEPCNF_2
00002398   USBOEPCNF_3
000023a0   USBOEPCNF_4
000023a8   USBOEPCNF_5
000023b0   USBOEPCNF_6
000023b8   USBOEPCNF_7
00000923   USBOEPCNT_0
0000092f   USBOEPIE
00000931   USBOEPIFG
0000238f   USBOEPSIZXY_1
00002397   USBOEPSIZXY_2
0000239f   USBOEPSIZXY_3
000023a7   USBOEPSIZXY_4
000023af   USBOEPSIZXY_5
000023b7   USBOEPSIZXY_6
000023bf   USBOEPSIZXY_7
00000904   USBPHYCTL
00000905   USBPHYCTL_H
00000904   USBPHYCTL_L
00000910   USBPLLCTL
00000911   USBPLLCTL_H
00000910   USBPLLCTL_L
00000912   USBPLLDIVB
00000913   USBPLLDIVB_H
00000912   USBPLLDIVB_L
00000914   USBPLLIR
00000915   USBPLLIR_H
00000914   USBPLLIR_L
00000908   USBPWRCTL
00000909   USBPWRCTL_H
00000908   USBPWRCTL_L
00001c00   USBSTABUFF
00002380   USBSUBLK
0000236f   USBTOPBUFF
00000938   USBTSREG
00000939   USBTSREG_H
00000938   USBTSREG_L
00000932   USBVECINT
00000933   USBVECINT_H
00000932   USBVECINT_L
000045e8   USCI_A0_ISR
000044e8   USCI_A1_ISR
000030cc   V_Acumulador
000030c8   V_Integral_Media_Onda_Promediado
000030d8   V_Maximo_Promedio
0000015c   WDTCTL
0000015d   WDTCTL_H
0000015c   WDTCTL_L
00008d06   WriteFile
00004400   __STACK_END
000000a0   __STACK_SIZE
00000001   __TI_args_main
00000001   __TI_auto_init
00000001   __TI_exit
ffffffff   __binit__
00002400   __bss__
ffffffff   __c_args__
00004708   __cinit__
00009240   __divi
00008e54   __divli
000093e4   __divu
00008b1c   __divul
000031f4   __end__
ffffffff   __etext__
000093fa   __mpyi_f5hw
00009310   __mpyl_f5hw
ffffffff   __pinit__
00009240   __remi
00008e54   __remli
000093e4   __remu
00008b1c   __remul
ffffffff   __text__
00008d4e   _auto_init
000046b8   _c_int00
000046b8   _c_int00_noexit
000031d8   _cleanup_ptr
000031dc   _dtors_ptr
000031d0   _lock
00009564   _nop
0000fffe   _reset_vector
00004360   _stack
0000955c   _system_pre_init
000031d4   _unlock
00009560   abort
0000283c   anio
ffffffff   binit
00002bf4   buff
0000280e   bufferArchivo
000030bc   buffers_completos
00002fc2   cadena_cond
UNDEFED    cadena_datos
00002fb6   cadena_nerox
00002fdc   cadena_temp
00002fa6   cadena_test
000031ee   calibrar_temperatura_estado
000031b2   canal_ppal
00002ea8   canal_rx_0
00002f1c   canal_rx_2
00003036   canal_salida_xbob
000031b4   canal_sec
00002ee2   canal_tx_0
00002f56   canal_tx_2
00002aa4   canal_tx_stream
00002ff6   caracteres_xbob_4
00004708   cinit
00008e94   clust2sect
0000310c   compensacionPorTemperaturaFlag
00003104   compensacionTemperatura
000030ec   conductividadProcesada
000030f0   conductividadProcesada_prev
000030ee   conductividadProcesada_recibida
000030f2   conductividadProcesada_recibida_prev
000030be   conductividadPromedioObtenida
000031ce   contador_ts
00003108   corrimiento_temperatura
000031b9   day_BCD
000031ab   day_tmp
000031e0   delay_timer_A2
00002834   dia
0000700c   disk_initialize
0000768e   disk_ioctl
00008414   disk_read
00009352   disk_status
00007d80   disk_write
000031f4   end
00002808   estado_canal_0
00002809   estado_canal_1
ffffffff   etext
0000943a   f_close
000061a4   f_lseek
00009212   f_mount
0000660c   f_open
000081a8   f_opendir
00006824   f_read
00008886   f_readdir
00008100   f_sync
0000739e   f_unlink
00005f18   f_write
00003100   factorCorreccion
0000714c   get_fat
0000952c   get_fattime
000031f2   haySD
00002828   hora
000031b8   hour_BCD
000031a8   hour_tmp
000031a7   ind_acumulado
000031a6   ind_archivo
000030b8   indice
000031be   lectura_registros_RTC
00002bf0   listIndex
00002e74   lista_de_comandos
000087a6   main
00003038   medicion_adc_0
000094be   memcpy
00009462   memset
00002838   mes
0000282c   min
000031b7   min_BCD
000031a9   min_tmp
000031b0   modo_enviar_f_y_h
000031a4   modo_envio_K
000031a2   modo_envio_T
000031f0   modo_establecido
000031ba   mon_BCD
000031ac   mon_tmp
00002bbc   nameLengths
00002aa6   names
00002bef   namesIndex
00002bee   numNames
00002b6e   output
00002b80   path
00002bb2   pathLengths
ffffffff   pinit
00006b9c   put_fat
00003146   pwm1
000031b6   sec_BCD
000031aa   sec_tmp
00002830   seg
00002bf1   selectedIndex
00002bf2   selectedLength
00003170   sgn_senoidal_fs
0000316e   sgn_senoidal_largo
00003172   sgn_senoidal_muestras
00009372   strcat
00009410   strcpy
00002840   stream_archivo
000094d0   strlen
00003132   temperaturaProcesada
00003136   temperaturaProcesada_prev
00003134   temperaturaProcesada_recibida
00003138   temperaturaProcesada_recibida_prev
00002f90   terminal
000031c6   timeout_Slave
000031c0   timeout_UART1
000030de   valorAltoConductividad
000030e2   valorAltoIngConductividad
000030dc   valorBajoConductividad
000030e0   valorBajoIngConductividad
000031bc   year_BCD
000031ae   year_tmp


GLOBAL SYMBOLS: SORTED BY Symbol Address 

address    name
--------   ----
00000001   __TI_args_main
00000001   __TI_auto_init
00000001   __TI_exit
000000a0   __STACK_SIZE
00000100   SFRIE1
00000100   SFRIE1_L
00000101   SFRIE1_H
00000102   SFRIFG1
00000102   SFRIFG1_L
00000103   SFRIFG1_H
00000104   SFRRPCR
00000104   SFRRPCR_L
00000105   SFRRPCR_H
00000120   PMMCTL0
00000120   PMMCTL0_L
00000121   PMMCTL0_H
00000122   PMMCTL1
00000122   PMMCTL1_L
00000123   PMMCTL1_H
00000124   SVSMHCTL
00000124   SVSMHCTL_L
00000125   SVSMHCTL_H
00000126   SVSMLCTL
00000126   SVSMLCTL_L
00000127   SVSMLCTL_H
00000128   SVSMIO
00000128   SVSMIO_L
00000129   SVSMIO_H
0000012c   PMMIFG
0000012c   PMMIFG_L
0000012d   PMMIFG_H
0000012e   PMMRIE
0000012e   PMMRIE_L
0000012f   PMMRIE_H
00000130   PM5CTL0
00000130   PM5CTL0_L
00000131   PM5CTL0_H
00000140   FCTL1
00000140   FCTL1_L
00000141   FCTL1_H
00000144   FCTL3
00000144   FCTL3_L
00000145   FCTL3_H
00000146   FCTL4
00000146   FCTL4_L
00000147   FCTL4_H
00000150   CRCDI
00000150   CRCDI_L
00000151   CRCDI_H
00000152   CRCDIRB
00000152   CRCDIRB_L
00000153   CRCDIRB_H
00000154   CRCINIRES
00000154   CRCINIRES_L
00000155   CRCINIRES_H
00000156   CRCRESR
00000156   CRCRESR_L
00000157   CRCRESR_H
00000158   RCCTL0
00000158   RCCTL0_L
00000159   RCCTL0_H
0000015c   WDTCTL
0000015c   WDTCTL_L
0000015d   WDTCTL_H
00000160   UCSCTL0
00000160   UCSCTL0_L
00000161   UCSCTL0_H
00000162   UCSCTL1
00000162   UCSCTL1_L
00000163   UCSCTL1_H
00000164   UCSCTL2
00000164   UCSCTL2_L
00000165   UCSCTL2_H
00000166   UCSCTL3
00000166   UCSCTL3_L
00000167   UCSCTL3_H
00000168   UCSCTL4
00000168   UCSCTL4_L
00000169   UCSCTL4_H
0000016a   UCSCTL5
0000016a   UCSCTL5_L
0000016b   UCSCTL5_H
0000016c   UCSCTL6
0000016c   UCSCTL6_L
0000016d   UCSCTL6_H
0000016e   UCSCTL7
0000016e   UCSCTL7_L
0000016f   UCSCTL7_H
00000170   UCSCTL8
00000170   UCSCTL8_L
00000171   UCSCTL8_H
00000180   SYSCTL
00000180   SYSCTL_L
00000181   SYSCTL_H
00000182   SYSBSLC
00000182   SYSBSLC_L
00000183   SYSBSLC_H
00000186   SYSJMBC
00000186   SYSJMBC_L
00000187   SYSJMBC_H
00000188   SYSJMBI0
00000188   SYSJMBI0_L
00000189   SYSJMBI0_H
0000018a   SYSJMBI1
0000018a   SYSJMBI1_L
0000018b   SYSJMBI1_H
0000018c   SYSJMBO0
0000018c   SYSJMBO0_L
0000018d   SYSJMBO0_H
0000018e   SYSJMBO1
0000018e   SYSJMBO1_L
0000018f   SYSJMBO1_H
00000198   SYSBERRIV
00000198   SYSBERRIV_L
00000199   SYSBERRIV_H
0000019a   SYSUNIV
0000019a   SYSUNIV_L
0000019b   SYSUNIV_H
0000019c   SYSSNIV
0000019c   SYSSNIV_L
0000019d   SYSSNIV_H
0000019e   SYSRSTIV
0000019e   SYSRSTIV_L
0000019f   SYSRSTIV_H
000001b0   REFCTL0
000001b0   REFCTL0_L
000001b1   REFCTL0_H
000001c0   PMAPKEYID
000001c0   PMAPKEYID_L
000001c1   PMAPKEYID_H
000001c2   PMAPCTL
000001c2   PMAPCTL_L
000001c3   PMAPCTL_H
000001e0   P4MAP01
000001e0   P4MAP01_L
000001e1   P4MAP01_H
000001e2   P4MAP23
000001e2   P4MAP23_L
000001e3   P4MAP23_H
000001e4   P4MAP45
000001e4   P4MAP45_L
000001e5   P4MAP45_H
000001e6   P4MAP67
000001e6   P4MAP67_L
000001e7   P4MAP67_H
00000200   PAIN
00000200   PAIN_L
00000201   PAIN_H
00000202   PAOUT
00000202   PAOUT_L
00000203   PAOUT_H
00000204   PADIR
00000204   PADIR_L
00000205   PADIR_H
00000206   PAREN
00000206   PAREN_L
00000207   PAREN_H
00000208   PADS
00000208   PADS_L
00000209   PADS_H
0000020a   PASEL
0000020a   PASEL_L
0000020b   PASEL_H
0000020e   P1IV
00000218   PAIES
00000218   PAIES_L
00000219   PAIES_H
0000021a   PAIE
0000021a   PAIE_L
0000021b   PAIE_H
0000021c   PAIFG
0000021c   PAIFG_L
0000021d   PAIFG_H
0000021e   P2IV
00000220   PBIN
00000220   PBIN_L
00000221   PBIN_H
00000222   PBOUT
00000222   PBOUT_L
00000223   PBOUT_H
00000224   PBDIR
00000224   PBDIR_L
00000225   PBDIR_H
00000226   PBREN
00000226   PBREN_L
00000227   PBREN_H
00000228   PBDS
00000228   PBDS_L
00000229   PBDS_H
0000022a   PBSEL
0000022a   PBSEL_L
0000022b   PBSEL_H
00000240   PCIN
00000240   PCIN_L
00000241   PCIN_H
00000242   PCOUT
00000242   PCOUT_L
00000243   PCOUT_H
00000244   PCDIR
00000244   PCDIR_L
00000245   PCDIR_H
00000246   PCREN
00000246   PCREN_L
00000247   PCREN_H
00000248   PCDS
00000248   PCDS_L
00000249   PCDS_H
0000024a   PCSEL
0000024a   PCSEL_L
0000024b   PCSEL_H
00000260   PDIN
00000260   PDIN_L
00000261   PDIN_H
00000262   PDOUT
00000262   PDOUT_L
00000263   PDOUT_H
00000264   PDDIR
00000264   PDDIR_L
00000265   PDDIR_H
00000266   PDREN
00000266   PDREN_L
00000267   PDREN_H
00000268   PDDS
00000268   PDDS_L
00000269   PDDS_H
0000026a   PDSEL
0000026a   PDSEL_L
0000026b   PDSEL_H
00000320   PJIN
00000320   PJIN_L
00000321   PJIN_H
00000322   PJOUT
00000322   PJOUT_L
00000323   PJOUT_H
00000324   PJDIR
00000324   PJDIR_L
00000325   PJDIR_H
00000326   PJREN
00000326   PJREN_L
00000327   PJREN_H
00000328   PJDS
00000328   PJDS_L
00000329   PJDS_H
00000340   TA0CTL
00000342   TA0CCTL0
00000344   TA0CCTL1
00000346   TA0CCTL2
00000348   TA0CCTL3
0000034a   TA0CCTL4
00000350   TA0R
00000352   TA0CCR0
00000354   TA0CCR1
00000356   TA0CCR2
00000358   TA0CCR3
0000035a   TA0CCR4
00000360   TA0EX0
0000036e   TA0IV
00000380   TA1CTL
00000382   TA1CCTL0
00000384   TA1CCTL1
00000386   TA1CCTL2
00000390   TA1R
00000392   TA1CCR0
00000394   TA1CCR1
00000396   TA1CCR2
000003a0   TA1EX0
000003ae   TA1IV
000003c0   TB0CTL
000003c2   TB0CCTL0
000003c4   TB0CCTL1
000003c6   TB0CCTL2
000003c8   TB0CCTL3
000003ca   TB0CCTL4
000003cc   TB0CCTL5
000003ce   TB0CCTL6
000003d0   TB0R
000003d2   TB0CCR0
000003d4   TB0CCR1
000003d6   TB0CCR2
000003d8   TB0CCR3
000003da   TB0CCR4
000003dc   TB0CCR5
000003de   TB0CCR6
000003e0   TB0EX0
000003ee   TB0IV
00000400   TA2CTL
00000402   TA2CCTL0
00000404   TA2CCTL1
00000406   TA2CCTL2
00000410   TA2R
00000412   TA2CCR0
00000414   TA2CCR1
00000416   TA2CCR2
00000420   TA2EX0
0000042e   TA2IV
000004a0   RTCCTL01
000004a0   RTCCTL01_L
000004a1   RTCCTL01_H
000004a2   RTCCTL23
000004a2   RTCCTL23_L
000004a3   RTCCTL23_H
000004a8   RTCPS0CTL
000004a8   RTCPS0CTL_L
000004a9   RTCPS0CTL_H
000004aa   RTCPS1CTL
000004aa   RTCPS1CTL_L
000004ab   RTCPS1CTL_H
000004ac   RTCPS
000004ac   RTCPS_L
000004ad   RTCPS_H
000004ae   RTCIV
000004b0   RTCTIM0
000004b0   RTCTIM0_L
000004b1   RTCTIM0_H
000004b2   RTCTIM1
000004b2   RTCTIM1_L
000004b3   RTCTIM1_H
000004b4   RTCDATE
000004b4   RTCDATE_L
000004b5   RTCDATE_H
000004b6   RTCYEAR
000004b6   RTCYEAR_L
000004b7   RTCYEAR_H
000004b8   RTCAMINHR
000004b8   RTCAMINHR_L
000004b9   RTCAMINHR_H
000004ba   RTCADOWDAY
000004ba   RTCADOWDAY_L
000004bb   RTCADOWDAY_H
000004c0   MPY
000004c0   MPY_L
000004c1   MPY_H
000004c2   MPYS
000004c2   MPYS_L
000004c3   MPYS_H
000004c4   MAC
000004c4   MAC_L
000004c5   MAC_H
000004c6   MACS
000004c6   MACS_L
000004c7   MACS_H
000004c8   OP2
000004c8   OP2_L
000004c9   OP2_H
000004ca   RESLO
000004ca   RESLO_L
000004cb   RESLO_H
000004cc   RESHI
000004cc   RESHI_L
000004cd   RESHI_H
000004ce   SUMEXT
000004ce   SUMEXT_L
000004cf   SUMEXT_H
000004d0   MPY32L
000004d0   MPY32L_L
000004d1   MPY32L_H
000004d2   MPY32H
000004d2   MPY32H_L
000004d3   MPY32H_H
000004d4   MPYS32L
000004d4   MPYS32L_L
000004d5   MPYS32L_H
000004d6   MPYS32H
000004d6   MPYS32H_L
000004d7   MPYS32H_H
000004d8   MAC32L
000004d8   MAC32L_L
000004d9   MAC32L_H
000004da   MAC32H
000004da   MAC32H_L
000004db   MAC32H_H
000004dc   MACS32L
000004dc   MACS32L_L
000004dd   MACS32L_H
000004de   MACS32H
000004de   MACS32H_L
000004df   MACS32H_H
000004e0   OP2L
000004e0   OP2L_L
000004e1   OP2L_H
000004e2   OP2H
000004e2   OP2H_L
000004e3   OP2H_H
000004e4   RES0
000004e4   RES0_L
000004e5   RES0_H
000004e6   RES1
000004e6   RES1_L
000004e7   RES1_H
000004e8   RES2
000004e8   RES2_L
000004e9   RES2_H
000004ea   RES3
000004ea   RES3_L
000004eb   RES3_H
000004ec   MPY32CTL0
000004ec   MPY32CTL0_L
000004ed   MPY32CTL0_H
00000500   DMACTL0
00000500   DMACTL0_L
00000501   DMACTL0_H
00000502   DMACTL1
00000502   DMACTL1_L
00000503   DMACTL1_H
00000504   DMACTL2
00000504   DMACTL2_L
00000505   DMACTL2_H
00000506   DMACTL3
00000506   DMACTL3_L
00000507   DMACTL3_H
00000508   DMACTL4
00000508   DMACTL4_L
00000509   DMACTL4_H
0000050e   DMAIV
0000050e   DMAIV_L
0000050f   DMAIV_H
00000510   DMA0CTL
00000510   DMA0CTL_L
00000511   DMA0CTL_H
00000512   DMA0SA
00000512   DMA0SAL
00000516   DMA0DA
00000516   DMA0DAL
0000051a   DMA0SZ
00000520   DMA1CTL
00000520   DMA1CTL_L
00000521   DMA1CTL_H
00000522   DMA1SA
00000522   DMA1SAL
00000526   DMA1DA
00000526   DMA1DAL
0000052a   DMA1SZ
00000530   DMA2CTL
00000530   DMA2CTL_L
00000531   DMA2CTL_H
00000532   DMA2SA
00000532   DMA2SAL
00000536   DMA2DA
00000536   DMA2DAL
0000053a   DMA2SZ
000005c0   UCA0CTLW0
000005c0   UCA0CTLW0_L
000005c1   UCA0CTLW0_H
000005c6   UCA0BRW
000005c6   UCA0BRW_L
000005c7   UCA0BRW_H
000005c8   UCA0MCTL
000005ca   UCA0STAT
000005cc   UCA0RXBUF
000005ce   UCA0TXBUF
000005d0   UCA0ABCTL
000005d2   UCA0IRCTL
000005d2   UCA0IRCTL_L
000005d3   UCA0IRCTL_H
000005dc   UCA0ICTL
000005dc   UCA0ICTL_L
000005dd   UCA0ICTL_H
000005de   UCA0IV
000005e0   UCB0CTLW0
000005e0   UCB0CTLW0_L
000005e1   UCB0CTLW0_H
000005e6   UCB0BRW
000005e6   UCB0BRW_L
000005e7   UCB0BRW_H
000005ea   UCB0STAT
000005ec   UCB0RXBUF
000005ee   UCB0TXBUF
000005f0   UCB0I2COA
000005f0   UCB0I2COA_L
000005f1   UCB0I2COA_H
000005f2   UCB0I2CSA
000005f2   UCB0I2CSA_L
000005f3   UCB0I2CSA_H
000005fc   UCB0ICTL
000005fc   UCB0ICTL_L
000005fd   UCB0ICTL_H
000005fe   UCB0IV
00000600   UCA1CTLW0
00000600   UCA1CTLW0_L
00000601   UCA1CTLW0_H
00000606   UCA1BRW
00000606   UCA1BRW_L
00000607   UCA1BRW_H
00000608   UCA1MCTL
0000060a   UCA1STAT
0000060c   UCA1RXBUF
0000060e   UCA1TXBUF
00000610   UCA1ABCTL
00000612   UCA1IRCTL
00000612   UCA1IRCTL_L
00000613   UCA1IRCTL_H
0000061c   UCA1ICTL
0000061c   UCA1ICTL_L
0000061d   UCA1ICTL_H
0000061e   UCA1IV
00000620   UCB1CTLW0
00000620   UCB1CTLW0_L
00000621   UCB1CTLW0_H
00000626   UCB1BRW
00000626   UCB1BRW_L
00000627   UCB1BRW_H
0000062a   UCB1STAT
0000062c   UCB1RXBUF
0000062e   UCB1TXBUF
00000630   UCB1I2COA
00000630   UCB1I2COA_L
00000631   UCB1I2COA_H
00000632   UCB1I2CSA
00000632   UCB1I2CSA_L
00000633   UCB1I2CSA_H
0000063c   UCB1ICTL
0000063c   UCB1ICTL_L
0000063d   UCB1ICTL_H
0000063e   UCB1IV
00000700   ADC12CTL0
00000700   ADC12CTL0_L
00000701   ADC12CTL0_H
00000702   ADC12CTL1
00000702   ADC12CTL1_L
00000703   ADC12CTL1_H
00000704   ADC12CTL2
00000704   ADC12CTL2_L
00000705   ADC12CTL2_H
0000070a   ADC12IFG
0000070a   ADC12IFG_L
0000070b   ADC12IFG_H
0000070c   ADC12IE
0000070c   ADC12IE_L
0000070d   ADC12IE_H
0000070e   ADC12IV
0000070e   ADC12IV_L
0000070f   ADC12IV_H
00000710   ADC12MCTL0
00000711   ADC12MCTL1
00000712   ADC12MCTL2
00000713   ADC12MCTL3
00000714   ADC12MCTL4
00000715   ADC12MCTL5
00000716   ADC12MCTL6
00000717   ADC12MCTL7
00000718   ADC12MCTL8
00000719   ADC12MCTL9
0000071a   ADC12MCTL10
0000071b   ADC12MCTL11
0000071c   ADC12MCTL12
0000071d   ADC12MCTL13
0000071e   ADC12MCTL14
0000071f   ADC12MCTL15
00000720   ADC12MEM0
00000720   ADC12MEM0_L
00000721   ADC12MEM0_H
00000722   ADC12MEM1
00000722   ADC12MEM1_L
00000723   ADC12MEM1_H
00000724   ADC12MEM2
00000724   ADC12MEM2_L
00000725   ADC12MEM2_H
00000726   ADC12MEM3
00000726   ADC12MEM3_L
00000727   ADC12MEM3_H
00000728   ADC12MEM4
00000728   ADC12MEM4_L
00000729   ADC12MEM4_H
0000072a   ADC12MEM5
0000072a   ADC12MEM5_L
0000072b   ADC12MEM5_H
0000072c   ADC12MEM6
0000072c   ADC12MEM6_L
0000072d   ADC12MEM6_H
0000072e   ADC12MEM7
0000072e   ADC12MEM7_L
0000072f   ADC12MEM7_H
00000730   ADC12MEM8
00000730   ADC12MEM8_L
00000731   ADC12MEM8_H
00000732   ADC12MEM9
00000732   ADC12MEM9_L
00000733   ADC12MEM9_H
00000734   ADC12MEM10
00000734   ADC12MEM10_L
00000735   ADC12MEM10_H
00000736   ADC12MEM11
00000736   ADC12MEM11_L
00000737   ADC12MEM11_H
00000738   ADC12MEM12
00000738   ADC12MEM12_L
00000739   ADC12MEM12_H
0000073a   ADC12MEM13
0000073a   ADC12MEM13_L
0000073b   ADC12MEM13_H
0000073c   ADC12MEM14
0000073c   ADC12MEM14_L
0000073d   ADC12MEM14_H
0000073e   ADC12MEM15
0000073e   ADC12MEM15_L
0000073f   ADC12MEM15_H
000008c0   CBCTL0
000008c0   CBCTL0_L
000008c1   CBCTL0_H
000008c2   CBCTL1
000008c2   CBCTL1_L
000008c3   CBCTL1_H
000008c4   CBCTL2
000008c4   CBCTL2_L
000008c5   CBCTL2_H
000008c6   CBCTL3
000008c6   CBCTL3_L
000008c7   CBCTL3_H
000008cc   CBINT
000008cc   CBINT_L
000008cd   CBINT_H
000008ce   CBIV
00000900   USBKEYID
00000900   USBKEYID_L
00000901   USBKEYID_H
00000902   USBCNF
00000902   USBCNF_L
00000903   USBCNF_H
00000904   USBPHYCTL
00000904   USBPHYCTL_L
00000905   USBPHYCTL_H
00000908   USBPWRCTL
00000908   USBPWRCTL_L
00000909   USBPWRCTL_H
00000910   USBPLLCTL
00000910   USBPLLCTL_L
00000911   USBPLLCTL_H
00000912   USBPLLDIVB
00000912   USBPLLDIVB_L
00000913   USBPLLDIVB_H
00000914   USBPLLIR
00000914   USBPLLIR_L
00000915   USBPLLIR_H
00000920   USBIEPCNF_0
00000921   USBIEPCNT_0
00000922   USBOEPCNF_0
00000923   USBOEPCNT_0
0000092e   USBIEPIE
0000092f   USBOEPIE
00000930   USBIEPIFG
00000931   USBOEPIFG
00000932   USBVECINT
00000932   USBVECINT_L
00000933   USBVECINT_H
00000936   USBMAINT
00000936   USBMAINT_L
00000937   USBMAINT_H
00000938   USBTSREG
00000938   USBTSREG_L
00000939   USBTSREG_H
0000093a   USBFN
0000093a   USBFN_L
0000093b   USBFN_H
0000093c   USBCTL
0000093d   USBIE
0000093e   USBIFG
0000093f   USBFUNADR
00001c00   USBSTABUFF
0000236f   USBTOPBUFF
00002370   USBOEP0BUF
00002378   USBIEP0BUF
00002380   USBSUBLK
00002388   USBOEPCNF_1
00002389   USBOEPBBAX_1
0000238a   USBOEPBCTX_1
0000238d   USBOEPBBAY_1
0000238e   USBOEPBCTY_1
0000238f   USBOEPSIZXY_1
00002390   USBOEPCNF_2
00002391   USBOEPBBAX_2
00002392   USBOEPBCTX_2
00002395   USBOEPBBAY_2
00002396   USBOEPBCTY_2
00002397   USBOEPSIZXY_2
00002398   USBOEPCNF_3
00002399   USBOEPBBAX_3
0000239a   USBOEPBCTX_3
0000239d   USBOEPBBAY_3
0000239e   USBOEPBCTY_3
0000239f   USBOEPSIZXY_3
000023a0   USBOEPCNF_4
000023a1   USBOEPBBAX_4
000023a2   USBOEPBCTX_4
000023a5   USBOEPBBAY_4
000023a6   USBOEPBCTY_4
000023a7   USBOEPSIZXY_4
000023a8   USBOEPCNF_5
000023a9   USBOEPBBAX_5
000023aa   USBOEPBCTX_5
000023ad   USBOEPBBAY_5
000023ae   USBOEPBCTY_5
000023af   USBOEPSIZXY_5
000023b0   USBOEPCNF_6
000023b1   USBOEPBBAX_6
000023b2   USBOEPBCTX_6
000023b5   USBOEPBBAY_6
000023b6   USBOEPBCTY_6
000023b7   USBOEPSIZXY_6
000023b8   USBOEPCNF_7
000023b9   USBOEPBBAX_7
000023ba   USBOEPBCTX_7
000023bd   USBOEPBBAY_7
000023be   USBOEPBCTY_7
000023bf   USBOEPSIZXY_7
000023c8   USBIEPCNF_1
000023c9   USBIEPBBAX_1
000023ca   USBIEPBCTX_1
000023cd   USBIEPBBAY_1
000023ce   USBIEPBCTY_1
000023cf   USBIEPSIZXY_1
000023d0   USBIEPCNF_2
000023d1   USBIEPBBAX_2
000023d2   USBIEPBCTX_2
000023d5   USBIEPBBAY_2
000023d6   USBIEPBCTY_2
000023d7   USBIEPSIZXY_2
000023d8   USBIEPCNF_3
000023d9   USBIEPBBAX_3
000023da   USBIEPBCTX_3
000023dd   USBIEPBBAY_3
000023de   USBIEPBCTY_3
000023df   USBIEPSIZXY_3
000023e0   USBIEPCNF_4
000023e1   USBIEPBBAX_4
000023e2   USBIEPBCTX_4
000023e5   USBIEPBBAY_4
000023e6   USBIEPBCTY_4
000023e7   USBIEPSIZXY_4
000023e8   USBIEPCNF_5
000023e9   USBIEPBBAX_5
000023ea   USBIEPBCTX_5
000023ed   USBIEPBBAY_5
000023ee   USBIEPBCTY_5
000023ef   USBIEPSIZXY_5
000023f0   USBIEPCNF_6
000023f1   USBIEPBBAX_6
000023f2   USBIEPBCTX_6
000023f5   USBIEPBBAY_6
000023f6   USBIEPBCTY_6
000023f7   USBIEPSIZXY_6
000023f8   USBIEPCNF_7
000023f9   USBIEPBBAX_7
000023fa   USBIEPBCTX_7
000023fd   USBIEPBBAY_7
000023fe   USBIEPBCTY_7
000023ff   USBIEPSIZXY_7
00002400   .bss
00002400   DMA_Canal_0
00002400   __bss__
00002604   DMA_Canal_1
00002808   estado_canal_0
00002809   estado_canal_1
0000280e   bufferArchivo
00002828   hora
0000282c   min
00002830   seg
00002834   dia
00002838   mes
0000283c   anio
00002840   stream_archivo
00002aa4   canal_tx_stream
00002aa6   names
00002b6e   output
00002b80   path
00002bb2   pathLengths
00002bbc   nameLengths
00002bee   numNames
00002bef   namesIndex
00002bf0   listIndex
00002bf1   selectedIndex
00002bf2   selectedLength
00002bf4   buff
00002e74   lista_de_comandos
00002ea8   canal_rx_0
00002ee2   canal_tx_0
00002f1c   canal_rx_2
00002f56   canal_tx_2
00002f90   terminal
00002fa6   cadena_test
00002fb6   cadena_nerox
00002fc2   cadena_cond
00002fdc   cadena_temp
00002ff6   caracteres_xbob_4
00003036   canal_salida_xbob
00003038   medicion_adc_0
000030b8   indice
000030bc   buffers_completos
000030be   conductividadPromedioObtenida
000030c2   PT100PromedioObtenido
000030c4   I_Integral_Media_Onda_Promediado
000030c8   V_Integral_Media_Onda_Promediado
000030cc   V_Acumulador
000030d0   I_Acumulador
000030d4   I_Maximo_Promedio
000030d8   V_Maximo_Promedio
000030dc   valorBajoConductividad
000030de   valorAltoConductividad
000030e0   valorBajoIngConductividad
000030e2   valorAltoIngConductividad
000030e4   Pendiente_Conductividad
000030e8   Offset_Conductividad
000030ec   conductividadProcesada
000030ee   conductividadProcesada_recibida
000030f0   conductividadProcesada_prev
000030f2   conductividadProcesada_recibida_prev
000030f4   PConductividad
000030f8   PConductividadCompensada
000030fc   OffsetConductividadCompensada
00003100   factorCorreccion
00003104   compensacionTemperatura
00003108   corrimiento_temperatura
0000310c   compensacionPorTemperaturaFlag
0000310e   PT100A
00003110   PT100B
00003112   PPT100
00003116   ADC_R_Alto
0000311a   ADC_R_Bajo
0000311e   R_Alto
00003122   R_Bajo
00003126   Pendiente_Resistencia
0000312a   Offset_Resistencia
0000312e   Resistencia_Medida
00003132   temperaturaProcesada
00003134   temperaturaProcesada_recibida
00003136   temperaturaProcesada_prev
00003138   temperaturaProcesada_recibida_prev
0000313a   Pendiente_Temperatura
0000313e   Offset_Temperatura
00003142   RLeida
00003146   pwm1
0000316e   sgn_senoidal_largo
00003170   sgn_senoidal_fs
00003172   sgn_senoidal_muestras
00003192   Pendiente_Resistencia_tmp
00003196   Offset_Resistencia_tmp
0000319a   Pendiente_Conductividad_tmp
0000319e   Offset_Conductividad_tmp
000031a2   modo_envio_T
000031a4   modo_envio_K
000031a6   ind_archivo
000031a7   ind_acumulado
000031a8   hour_tmp
000031a9   min_tmp
000031aa   sec_tmp
000031ab   day_tmp
000031ac   mon_tmp
000031ae   year_tmp
000031b0   modo_enviar_f_y_h
000031b2   canal_ppal
000031b4   canal_sec
000031b6   sec_BCD
000031b7   min_BCD
000031b8   hour_BCD
000031b9   day_BCD
000031ba   mon_BCD
000031bc   year_BCD
000031be   lectura_registros_RTC
000031c0   timeout_UART1
000031c6   timeout_Slave
000031ce   contador_ts
000031d0   _lock
000031d4   _unlock
000031d8   _cleanup_ptr
000031dc   _dtors_ptr
000031e0   delay_timer_A2
000031ea   INS
000031ee   calibrar_temperatura_estado
000031f0   modo_establecido
000031f2   haySD
000031f4   __end__
000031f4   end
00004360   _stack
00004400   RTC_ISR
00004400   __STACK_END
000044e8   USCI_A1_ISR
00004574   DMA_ISR
000045e8   USCI_A0_ISR
00004646   ADC12_ISR
0000468c   TIMER1_A0_ISR
000046b8   _c_int00
000046b8   _c_int00_noexit
000046e2   TIMER2_A0_ISR
00004708   __cinit__
00004708   cinit
00004956   Modos_Maq_Estados
00005f18   f_write
000061a4   f_lseek
000063f4   Dir_Pin
0000660c   f_open
00006824   f_read
00006a04   ArchivoLogGeneral
00006b9c   put_fat
0000700c   disk_initialize
0000714c   get_fat
0000739e   f_unlink
0000749a   Inicializacion_Hardware_Board
0000768e   disk_ioctl
00007872   Analizar_Frame
00007958   Init_FLL
00007a3c   DatosFechaHora
00007d80   disk_write
00007e3c   AppWriteFile
00007ef6   GetDirectory
00008100   f_sync
000081a8   f_opendir
00008414   disk_read
000084a8   Tarea_Atender_Canal_Recepcion
00008530   Escribir_DWord_en_Flash
00008638   Establecer_Registros_RTC
000086ba   Leer_Stream_Archivo
00008734   Extraer_Nombre_de_Archivo
000087a6   main
00008818   Escribir_Word_en_Flash
00008886   f_readdir
000088ea   ClearTempData
0000894c   Escribir_Byte_en_Flash
000089ae   Inicializacion_Hardware_Conductividad
00008ac4   Cargar_Respuesta
00008b1c   __divul
00008b1c   __remul
00008bcc   RecuperarVariablesFlash
00008c72   Encabezado
00008cbc   SDCard_init
00008d06   WriteFile
00008d4e   _auto_init
00008d94   Init_RTC
00008dd4   Leer_Dato_Buffer
00008e14   SetVCore
00008e54   __divli
00008e54   __remli
00008e94   clust2sect
00008ed2   L_LSL_15
00008ed6   L_LSL_14
00008eda   L_LSL_13
00008ede   L_LSL_12
00008ee2   L_LSL_11
00008ee6   L_LSL_10
00008eea   L_LSL_9
00008eee   L_LSL_8
00008ef2   L_LSL_7
00008ef6   L_LSL_6
00008efa   L_LSL_5
00008efe   L_LSL_4
00008f02   L_LSL_3
00008f06   L_LSL_2
00008f0a   L_LSL_1
00008f10   L_LSR_15
00008f14   L_LSR_14
00008f18   L_LSR_13
00008f1c   L_LSR_12
00008f20   L_LSR_11
00008f24   L_LSR_10
00008f28   L_LSR_9
00008f2c   L_LSR_8
00008f30   L_LSR_7
00008f34   L_LSR_6
00008f38   L_LSR_5
00008f3c   L_LSR_4
00008f40   L_LSR_3
00008f44   L_LSR_2
00008f48   L_LSR_1
00008f4e   Inicializar_Canal
00008f8a   Inicializar_Terminal
00008fc6   Tarea_Atender_Canal_Transmision
00009002   Escribir_Dato_Buffer
0000903a   Timer_A2_Delay
00009072   Init_FLL_Settle
000090a8   LFXT_Start
0000914a   Inicializar_FLL
0000917c   Inicializar_UART0
000091ae   Inicializar_UART1
000091e0   SDCard_readFrame
00009212   f_mount
00009240   __divi
00009240   __remi
00009298   SDCard_sendFrame
000092c2   Init_Leer_Stream_Archivo
000092ea   ExistingFile
00009310   __mpyl_f5hw
00009332   CopiarArray_8_bits
00009352   disk_status
00009372   strcat
00009392   Leer_Registros_RTC
000093b0   Activar_Timeout_Slave
000093e4   __divu
000093e4   __remu
000093fa   __mpyi_f5hw
00009410   strcpy
0000943a   f_close
00009462   memset
00009476   Checksum
00009488   Iniciar_Transmision_Paquete_UART0
0000949a   SDCard_fastMode
000094be   memcpy
000094d0   strlen
000094e2   Inicializar_Timeout_UART_1
000094f2   L_LSL
00009522   Inicializar_XBOB
0000952c   get_fattime
00009536   I_LSL
00009540   SDCard_setCSHigh
00009548   SDCard_setCSLow
0000955c   _system_pre_init
00009560   C$$EXIT
00009560   abort
00009564   _nop
0000fffe   _reset_vector
ffffffff   .text
ffffffff   __binit__
ffffffff   __c_args__
ffffffff   __etext__
ffffffff   __pinit__
ffffffff   __text__
ffffffff   binit
ffffffff   etext
ffffffff   pinit
UNDEFED    Escribir_Byte_Frame
UNDEFED    cadena_datos

[1018 symbols]
