******************************************************************************
                  MSP430 Linker PC v4.0.0                      
******************************************************************************
>> Linked Mon Sep 02 13:42:45 2013

OUTPUT FILE NAME:   <Modulo_RS232.out>
ENTRY POINT SYMBOL: "_c_int00"  address: 0000470a


MEMORY CONFIGURATION

         name            origin    length      used     unused   attr    fill
----------------------  --------  ---------  --------  --------  ----  --------
  SFR                   00000000   00000010  00000000  00000010  RWIX
  PERIPHERALS_8BIT      00000010   000000f0  00000000  000000f0  RWIX
  PERIPHERALS_16BIT     00000100   00000100  00000000  00000100  RWIX
  INFOD                 00001800   00000080  00000000  00000080  RWIX
  INFOC                 00001880   00000080  00000000  00000080  RWIX
  INFOB                 00001900   00000080  00000000  00000080  RWIX
  INFOA                 00001980   00000080  00000000  00000080  RWIX
  RAM                   00002400   00002000  00000f08  000010f8  RWIX
  FLASH                 00004400   0000bb80  0000649f  000056e1  RWIX
  INT00                 0000ff80   00000002  00000000  00000002  RWIX
  INT01                 0000ff82   00000002  00000000  00000002  RWIX
  INT02                 0000ff84   00000002  00000000  00000002  RWIX
  INT03                 0000ff86   00000002  00000000  00000002  RWIX
  INT04                 0000ff88   00000002  00000000  00000002  RWIX
  INT05                 0000ff8a   00000002  00000000  00000002  RWIX
  INT06                 0000ff8c   00000002  00000000  00000002  RWIX
  INT07                 0000ff8e   00000002  00000000  00000002  RWIX
  INT08                 0000ff90   00000002  00000000  00000002  RWIX
  INT09                 0000ff92   00000002  00000000  00000002  RWIX
  INT10                 0000ff94   00000002  00000000  00000002  RWIX
  INT11                 0000ff96   00000002  00000000  00000002  RWIX
  INT12                 0000ff98   00000002  00000000  00000002  RWIX
  INT13                 0000ff9a   00000002  00000000  00000002  RWIX
  INT14                 0000ff9c   00000002  00000000  00000002  RWIX
  INT15                 0000ff9e   00000002  00000000  00000002  RWIX
  INT16                 0000ffa0   00000002  00000000  00000002  RWIX
  INT17                 0000ffa2   00000002  00000000  00000002  RWIX
  INT18                 0000ffa4   00000002  00000000  00000002  RWIX
  INT19                 0000ffa6   00000002  00000000  00000002  RWIX
  INT20                 0000ffa8   00000002  00000000  00000002  RWIX
  INT21                 0000ffaa   00000002  00000000  00000002  RWIX
  INT22                 0000ffac   00000002  00000000  00000002  RWIX
  INT23                 0000ffae   00000002  00000000  00000002  RWIX
  INT24                 0000ffb0   00000002  00000000  00000002  RWIX
  INT25                 0000ffb2   00000002  00000000  00000002  RWIX
  INT26                 0000ffb4   00000002  00000000  00000002  RWIX
  INT27                 0000ffb6   00000002  00000000  00000002  RWIX
  INT28                 0000ffb8   00000002  00000000  00000002  RWIX
  INT29                 0000ffba   00000002  00000000  00000002  RWIX
  INT30                 0000ffbc   00000002  00000000  00000002  RWIX
  INT31                 0000ffbe   00000002  00000000  00000002  RWIX
  INT32                 0000ffc0   00000002  00000000  00000002  RWIX
  INT33                 0000ffc2   00000002  00000000  00000002  RWIX
  INT34                 0000ffc4   00000002  00000000  00000002  RWIX
  INT35                 0000ffc6   00000002  00000000  00000002  RWIX
  INT36                 0000ffc8   00000002  00000000  00000002  RWIX
  INT37                 0000ffca   00000002  00000000  00000002  RWIX
  INT38                 0000ffcc   00000002  00000000  00000002  RWIX
  INT39                 0000ffce   00000002  00000000  00000002  RWIX
  INT40                 0000ffd0   00000002  00000000  00000002  RWIX
  INT41                 0000ffd2   00000002  00000002  00000000  RWIX
  INT42                 0000ffd4   00000002  00000000  00000002  RWIX
  INT43                 0000ffd6   00000002  00000000  00000002  RWIX
  INT44                 0000ffd8   00000002  00000002  00000000  RWIX
  INT45                 0000ffda   00000002  00000000  00000002  RWIX
  INT46                 0000ffdc   00000002  00000002  00000000  RWIX
  INT47                 0000ffde   00000002  00000000  00000002  RWIX
  INT48                 0000ffe0   00000002  00000000  00000002  RWIX
  INT49                 0000ffe2   00000002  00000002  00000000  RWIX
  INT50                 0000ffe4   00000002  00000002  00000000  RWIX
  INT51                 0000ffe6   00000002  00000000  00000002  RWIX
  INT52                 0000ffe8   00000002  00000000  00000002  RWIX
  INT53                 0000ffea   00000002  00000000  00000002  RWIX
  INT54                 0000ffec   00000002  00000002  00000000  RWIX
  INT55                 0000ffee   00000002  00000000  00000002  RWIX
  INT56                 0000fff0   00000002  00000002  00000000  RWIX
  INT57                 0000fff2   00000002  00000000  00000002  RWIX
  INT58                 0000fff4   00000002  00000000  00000002  RWIX
  INT59                 0000fff6   00000002  00000000  00000002  RWIX
  INT60                 0000fff8   00000002  00000000  00000002  RWIX
  INT61                 0000fffa   00000002  00000000  00000002  RWIX
  INT62                 0000fffc   00000002  00000000  00000002  RWIX
  RESET                 0000fffe   00000002  00000002  00000000  RWIX
  FLASH2                00010000   00014400  00000000  00014400  RWIX


SECTION ALLOCATION MAP

 output                                  attributes/
section   page    origin      length       input sections
--------  ----  ----------  ----------   ----------------
.pinit     0    00004400    00000000     UNINITIALIZED

.bss       0    00002400    00000e68     UNINITIALIZED
                  00002400    0000040e     dma.obj (.bss)
                  0000280e    00000298     log.obj (.bss)
                  00002aa6    0000024e     SD_Card.obj (.bss)
                  00002cf4    000001aa     strbus.obj (.bss)
                  00002e9e    00000180     flash.obj (.bss)
                  0000301e    00000092     xbob_4.obj (.bss)
                  000030b0    0000008c     adc.obj (.bss)
                  0000313c    00000049     Conductividad.obj (.bss)
                  00003185    00000001     --HOLE--
                  00003186    00000038     Temperatura.obj (.bss)
                  000031be    00000028     pwm.obj (.bss)
                  000031e6    00000024     dsp.obj (.bss)
                  0000320a    00000020     modos.obj (.bss)
                  0000322a    0000001a     HAL_RTC.obj (.bss)
                  00003244    00000008     rts430x.lib : _lock.obj (.bss)
                  0000324c    00000008                 : boot.obj (.bss)
                  00003254    00000006     Timer_A2.obj (.bss)
                  0000325a    00000004     ff.obj (.bss)
                  0000325e    00000003     mmc.obj (.bss)
                  00003261    00000001     --HOLE--
                  00003262    00000002     calibrar_temperatura.obj (.bss)
                  00003264    00000002     flash_mapeo_variables.obj (.bss)
                  00003266    00000002     main.obj (.bss)

.stack     0    00004360    000000a0     UNINITIALIZED
                  00004360    00000002     rts430x.lib : boot.obj (.stack)
                  00004362    0000009e     --HOLE--

.text:_isr 
*          0    00004400    0000035a     
                  00004400    000000e8     HAL_RTC.obj (.text:_isr:RTC_ISR)
                  000044e8    0000009e     uart.obj (.text:_isr:USCI_A0_ISR)
                  00004586    0000009e     uart.obj (.text:_isr:USCI_A1_ISR)
                  00004624    00000074     dma.obj (.text:_isr:DMA_ISR)
                  00004698    00000046     adc.obj (.text:_isr:ADC12_ISR)
                  000046de    0000002c     Timer_A0.obj (.text:_isr:TIMER1_A0_ISR)
                  0000470a    0000002a     rts430x.lib : boot.obj (.text:_isr:_c_int00_noexit)
                  00004734    00000026     Timer_A2.obj (.text:_isr:TIMER2_A0_ISR)

.cinit     0    0000475a    00000274     
                  0000475a    0000007d     Conductividad.obj (.cinit)
                  000047d7    00000001     --HOLE-- [fill = 0]
                  000047d8    0000005f     xbob_4.obj (.cinit)
                  00004837    00000001     --HOLE-- [fill = 0]
                  00004838    0000005c     Temperatura.obj (.cinit)
                  00004894    00000036     modos.obj (.cinit)
                  000048ca    00000031     strbus.obj (.cinit)
                  000048fb    00000001     --HOLE-- [fill = 0]
                  000048fc    00000030     HAL_RTC.obj (.cinit)
                  0000492c    00000030     dsp.obj (.cinit)
                  0000495c    0000001d     SD_Card.obj (.cinit)
                  00004979    00000001     --HOLE-- [fill = 0]
                  0000497a    0000001c     adc.obj (.cinit)
                  00004996    00000018     dma.obj (.cinit)
                  000049ae    0000000c     log.obj (.cinit)
                  000049ba    0000000b     mmc.obj (.cinit)
                  000049c5    00000001     --HOLE-- [fill = 0]
                  000049c6    00000006     main.obj (.cinit)
                  000049cc    00000002     --HOLE-- [fill = 0]

.text      0    000049ce    00005b94     
                  000049ce    00001112     modos.obj (.text:Modos_Maq_Estados)
                  00005ae0    000004b0     ff.obj (.text:chk_mounted)
                  00005f90    0000028c     ff.obj (.text:f_write)
                  0000621c    00000250     ff.obj (.text:f_lseek)
                  0000646c    0000021a     strbus.obj (.text:Frame_Respuesta)
                  00006686    00000218     hardware_macros.obj (.text:Dir_Pin)
                  0000689e    00000218     ff.obj (.text:f_open)
                  00006ab6    00000210     ff.obj (.text:f_mkdir)
                  00006cc6    000001e0     ff.obj (.text:f_read)
                  00006ea6    00000198     log.obj (.text:ArchivoLogGeneral)
                  0000703e    0000017e     ff.obj (.text:put_fat)
                  000071bc    0000017c     ff.obj (.text:create_name)
                  00007338    00000176     ff.obj (.text:dir_next)
                  000074ae    00000144     dsp.obj (.text:Procesar_Sgn_Conductividad)
                  000075f2    00000140     mmc.obj (.text:disk_initialize)
                  00007732    00000132     ff.obj (.text:get_fat)
                  00007864    00000120     ff.obj (.text:create_chain)
                  00007984    00000118     strbus.obj (.text:Procesar_Frame_Recibido)
                  00007a9c    0000010a     log.obj (.text:Log_Datos_Binarios)
                  00007ba6    00000106     sensores.obj (.text:Medicion_Sensores)
                  00007cac    000000fc     ff.obj (.text:f_unlink)
                  00007da8    000000fa     hardware_drivers.obj (.text:Inicializacion_Hardware_Board)
                  00007ea2    000000fa     ff.obj (.text:dir_sdi)
                  00007f9c    000000f4     mmc.obj (.text:disk_ioctl)
                  00008090    000000f0     ff.obj (.text:sync)
                  00008180    000000e4     HAL_UCS.obj (.text:Init_FLL)
                  00008264    000000e0     log.obj (.text:DatosFechaHora)
                  00008344    000000da     xbob_4.obj (.text:Enviar_Medicion_Binario)
                  0000841e    000000d4     HAL_PMM.obj (.text:SetVCoreUp)
                  000084f2    000000d2     ff.obj (.text:get_fileinfo)
                  000085c4    000000be     ff.obj (.text:move_window)
                  00008682    000000bc     mmc.obj (.text:disk_write)
                  0000873e    000000ba     SD_Card.obj (.text:AppWriteFile)
                  000087f8    000000b8     adc.obj (.text:Iniciar_Medicion_Conductividad)
                  000088b0    000000b2     SD_Card.obj (.text:GetDirectory)
                  00008962    000000ae     mmc.obj (.text:send_cmd)
                  00008a10    000000aa     ff.obj (.text:follow_path)
                  00008aba    000000a8     ff.obj (.text:f_sync)
                  00008b62    000000a2     Temperatura.obj (.text:Temperatura)
                  00008c04    000000a2     ff.obj (.text:f_opendir)
                  00008ca6    0000009c     Conductividad.obj (.text:Conductividad)
                  00008d42    0000009c     ff.obj (.text:remove_chain)
                  00008dde    0000009a     HAL_PMM.obj (.text:SetVCoreDown)
                  00008e78    0000009a     main.obj (.text:main)
                  00008f12    00000094     ff.obj (.text:check_fs)
                  00008fa6    00000094     mmc.obj (.text:disk_read)
                  0000903a    0000008c     pwm.obj (.text:PWM_Init_TA1_1)
                  000090c6    00000084     flash.obj (.text:Escribir_DWord_en_Flash)
                  0000914a    00000084     ff.obj (.text:dir_register)
                  000091ce    00000082     HAL_RTC.obj (.text:Establecer_Registros_RTC)
                  00009250    00000078     log.obj (.text:Leer_Stream_Archivo)
                  000092c8    00000072     modos.obj (.text:Extraer_Nombre_de_Archivo)
                  0000933a    0000006e     flash.obj (.text:Escribir_Word_en_Flash)
                  000093a8    00000068     log.obj (.text:Archivo_Log_Datos_Binario)
                  00009410    00000064     ff.obj (.text:f_readdir)
                  00009474    00000062     SD_Card.obj (.text:ClearTempData)
                  000094d6    00000062     flash.obj (.text:Escribir_Byte_en_Flash)
                  00009538    00000060     strbus.obj (.text:Decodificar_Comando)
                  00009598    0000005e     hardware_drivers.obj (.text:Inicializacion_Hardware_Conductividad)
                  000095f6    0000005e     dma.obj (.text:Inicializar_DMA)
                  00009654    0000005e     ff.obj (.text:dir_read)
                  000096b2    0000005a     ff.obj (.text:dir_find)
                  0000970c    00000058     rts430x.lib : div32u.obj (.text)
                  00009764    00000058     mmc.obj (.text:xmit_datablock)
                  000097bc    00000054     flash_mapeo_variables.obj (.text:RecuperarVariablesFlash)
                  00009810    00000052     mmc.obj (.text:rcvr_datablock)
                  00009862    0000004e     adc.obj (.text:Inicializar_ADC_Conductividad)
                  000098b0    0000004c     Conductividad.obj (.text:calculoFactorCompensacionTemperatura)
                  000098fc    0000004a     log.obj (.text:Encabezado)
                  00009946    0000004a     HAL_SDCard.obj (.text:SDCard_init)
                  00009990    00000048     adc.obj (.text:Inicializar_ADC_Sensores)
                  000099d8    00000048     strbus.obj (.text:Leer_Frame)
                  00009a20    00000048     SD_Card.obj (.text:WriteFile)
                  00009a68    00000046     rts430x.lib : autoinit.obj (.text:_auto_init)
                  00009aae    00000044     strbus.obj (.text:Inicializar_Canal_1)
                  00009af2    00000044     strbus.obj (.text:Inicializar_Canal_2)
                  00009b36    00000040     HAL_RTC.obj (.text:Init_RTC)
                  00009b76    00000040     Temperatura.obj (.text:Resistencia_Calibracion)
                  00009bb6    00000040     HAL_PMM.obj (.text:SetVCore)
                  00009bf6    00000040     rts430x.lib : div32s.obj (.text)
                  00009c36    0000003e     ff.obj (.text:clust2sect)
                  00009c74    0000003e     rts430x.lib : asr32.obj (.text:l_asr_const)
                  00009cb2    0000003e                 : lsl32.obj (.text:l_lsl_const)
                  00009cf0    0000003e                 : lsr32.obj (.text:l_lsr_const)
                  00009d2e    0000003c     strbus.obj (.text:Inicializar_Terminal)
                  00009d6a    0000003c     pwm.obj (.text:PWM_Cargar_Sgn)
                  00009da6    0000003a     pwm.obj (.text:PWM_Setear_Fsw)
                  00009de0    00000038     log.obj (.text:EncabezadoTabla)
                  00009e18    00000038     Timer_A2.obj (.text:Timer_A2_Delay)
                  00009e50    00000036     HAL_UCS.obj (.text:Init_FLL_Settle)
                  00009e86    00000036     HAL_UCS.obj (.text:LFXT_Start)
                  00009ebc    00000036     pwm.obj (.text:PWM_Setear_Duty)
                  00009ef2    00000036     ff.obj (.text:dir_remove)
                  00009f28    00000036     mmc.obj (.text:wait_ready)
                  00009f5e    00000032     uart.obj (.text:Frame_Timeout)
                  00009f90    00000032     main.obj (.text:Inicializar_FLL)
                  00009fc2    00000032     uart.obj (.text:Inicializar_UART0)
                  00009ff4    00000032     uart.obj (.text:Inicializar_UART1)
                  0000a026    00000032     HAL_SDCard.obj (.text:SDCard_readFrame)
                  0000a058    00000030     strbus.obj (.text:CompararArray_8_bits)
                  0000a088    00000030     adc.obj (.text:Promediar_Sgn_Sensores)
                  0000a0b8    0000002e     ff.obj (.text:f_mount)
                  0000a0e6    0000002c     adc.obj (.text:Inicializar_Timer_ADC_Fs)
                  0000a112    0000002c     rts430x.lib : div16s.obj (.text)
                  0000a13e    0000002c     ff.obj (.text:validate)
                  0000a16a    0000002a     adc.obj (.text:Iniciar_Medicion_Sensores)
                  0000a194    0000002a     pwm.obj (.text:PWM_Activar_Salida)
                  0000a1be    0000002a     HAL_SDCard.obj (.text:SDCard_sendFrame)
                  0000a1e8    00000028     log.obj (.text:Init_Leer_Stream_Archivo)
                  0000a210    00000026     SD_Card.obj (.text:ExistingFile)
                  0000a236    00000024     SD_Card.obj (.text:ExistingDirectory)
                  0000a25a    00000022     strbus.obj (.text:Concatenar_CRC)
                  0000a27c    00000022     rts430x.lib : mult32_f5hw.obj (.text)
                  0000a29e    00000020     strbus.obj (.text:CopiarArray_8_bits)
                  0000a2be    00000020     pwm.obj (.text:PWM_Desactivar_Salida)
                  0000a2de    00000020     mmc.obj (.text:disk_status)
                  0000a2fe    00000020     rts430x.lib : strcat.obj (.text:strcat)
                  0000a31e    0000001e     strbus.obj (.text:CRC16)
                  0000a33c    0000001e     SD_Card.obj (.text:CreateDirectory)
                  0000a35a    0000001e     HAL_RTC.obj (.text:Leer_Registros_RTC)
                  0000a378    0000001c     HAL_RTC.obj (.text:Activar_Timeout_Slave)
                  0000a394    00000018     adc.obj (.text:Finalizar_Timer_ADC)
                  0000a3ac    00000018     mmc.obj (.text:select)
                  0000a3c4    00000016     rts430x.lib : div16u.obj (.text)
                  0000a3da    00000016                 : mult16_f5hw.obj (.text)
                  0000a3f0    00000016                 : strcpy.obj (.text:strcpy)
                  0000a406    00000014     ff.obj (.text:chk_chr)
                  0000a41a    00000014     ff.obj (.text:f_close)
                  0000a42e    00000014     ff.obj (.text:mem_cmp)
                  0000a442    00000014     rts430x.lib : memset.obj (.text:memset)
                  0000a456    00000012     HAL_SDCard.obj (.text:SDCard_fastMode)
                  0000a468    00000012     mmc.obj (.text:deselect)
                  0000a47a    00000012     rts430x.lib : memcpy.obj (.text:memcpy)
                  0000a48c    00000012                 : strlen.obj (.text:strlen)
                  0000a49e    00000010     adc.obj (.text:Apagar_ADC)
                  0000a4ae    00000010     HAL_RTC.obj (.text:Inicializar_Timeout_UART_1)
                  0000a4be    00000010     uart.obj (.text:Iniciar_Transmision_Paquete_UART0)
                  0000a4ce    00000010     uart.obj (.text:Iniciar_Transmision_Paquete_UART1)
                  0000a4de    00000010     rts430x.lib : lsl32.obj (.text:l_lsl)
                  0000a4ee    00000010     ff.obj (.text:mem_cpy)
                  0000a4fe    00000010     ff.obj (.text:mem_set)
                  0000a50e    0000000a     xbob_4.obj (.text:Inicializar_XBOB)
                  0000a518    0000000a     mmc.obj (.text:get_fattime)
                  0000a522    0000000a     rts430x.lib : lsl16.obj (.text)
                  0000a52c    00000008     hardware_drivers.obj (.text:PCB_Analogico_OFF)
                  0000a534    00000008     hardware_drivers.obj (.text:PCB_Analogico_ON)
                  0000a53c    00000008     HAL_SDCard.obj (.text:SDCard_setCSHigh)
                  0000a544    00000008     HAL_SDCard.obj (.text:SDCard_setCSLow)
                  0000a54c    00000006     mmc.obj (.text:rcvr_mmc)
                  0000a552    00000006     mmc.obj (.text:xmit_mmc)
                  0000a558    00000004     rts430x.lib : pre_init.obj (.text:_system_pre_init)
                  0000a55c    00000004                 : exit.obj (.text:abort)
                  0000a560    00000002                 : _lock.obj (.text:_nop)

.const     0    0000a562    0000033d     
                  0000a562    00000200     strbus.obj (.const:wCRCTable$1)
                  0000a762    00000082     strbus.obj (.const:lista_de_comandos)
                  0000a7e4    0000002c     log.obj (.const:.string)
                  0000a810    0000002a     main.obj (.const:.string)
                  0000a83a    00000018     xbob_4.obj (.const:.string)
                  0000a852    00000010     ff.obj (.const:.string)
                  0000a862    0000000e     SD_Card.obj (.const:.string)
                  0000a870    00000006     modos.obj (.const:.string)
                  0000a876    00000005     strbus.obj (.const:cadena_error_con)
                  0000a87b    00000001     --HOLE-- [fill = 0]
                  0000a87c    00000005     strbus.obj (.const:cadena_error_crc)
                  0000a881    00000001     --HOLE-- [fill = 0]
                  0000a882    00000005     strbus.obj (.const:cadena_error_dat)
                  0000a887    00000001     --HOLE-- [fill = 0]
                  0000a888    00000005     strbus.obj (.const:cadena_error_noi)
                  0000a88d    00000001     --HOLE-- [fill = 0]
                  0000a88e    00000005     strbus.obj (.const:cadena_error_ubq)
                  0000a893    00000001     --HOLE-- [fill = 0]
                  0000a894    00000005     strbus.obj (.const:cadena_error_unk)
                  0000a899    00000001     --HOLE-- [fill = 0]
                  0000a89a    00000005     strbus.obj (.const:cadena_estoy)

.int41     0    0000ffd2    00000002     
                  0000ffd2    00000002     HAL_RTC.obj (.int41)

.int44     0    0000ffd8    00000002     
                  0000ffd8    00000002     Timer_A2.obj (.int44)

.int46     0    0000ffdc    00000002     
                  0000ffdc    00000002     uart.obj (.int46)

.int49     0    0000ffe2    00000002     
                  0000ffe2    00000002     Timer_A0.obj (.int49)

.int50     0    0000ffe4    00000002     
                  0000ffe4    00000002     dma.obj (.int50)

.int54     0    0000ffec    00000002     
                  0000ffec    00000002     adc.obj (.int54)

.int56     0    0000fff0    00000002     
                  0000fff0    00000002     uart.obj (.int56)

.reset     0    0000fffe    00000002     
                  0000fffe    00000002     rts430x.lib : boot.obj (.reset)


GLOBAL SYMBOLS: SORTED ALPHABETICALLY BY Name 

address    name
--------   ----
00002400   .bss
ffffffff   .text
00000700   ADC12CTL0
00000701   ADC12CTL0_H
00000700   ADC12CTL0_L
00000702   ADC12CTL1
00000703   ADC12CTL1_H
00000702   ADC12CTL1_L
00000704   ADC12CTL2
00000705   ADC12CTL2_H
00000704   ADC12CTL2_L
0000070c   ADC12IE
0000070d   ADC12IE_H
0000070c   ADC12IE_L
0000070a   ADC12IFG
0000070b   ADC12IFG_H
0000070a   ADC12IFG_L
0000070e   ADC12IV
0000070f   ADC12IV_H
0000070e   ADC12IV_L
00000710   ADC12MCTL0
00000711   ADC12MCTL1
0000071a   ADC12MCTL10
0000071b   ADC12MCTL11
0000071c   ADC12MCTL12
0000071d   ADC12MCTL13
0000071e   ADC12MCTL14
0000071f   ADC12MCTL15
00000712   ADC12MCTL2
00000713   ADC12MCTL3
00000714   ADC12MCTL4
00000715   ADC12MCTL5
00000716   ADC12MCTL6
00000717   ADC12MCTL7
00000718   ADC12MCTL8
00000719   ADC12MCTL9
00000720   ADC12MEM0
00000721   ADC12MEM0_H
00000720   ADC12MEM0_L
00000722   ADC12MEM1
00000734   ADC12MEM10
00000735   ADC12MEM10_H
00000734   ADC12MEM10_L
00000736   ADC12MEM11
00000737   ADC12MEM11_H
00000736   ADC12MEM11_L
00000738   ADC12MEM12
00000739   ADC12MEM12_H
00000738   ADC12MEM12_L
0000073a   ADC12MEM13
0000073b   ADC12MEM13_H
0000073a   ADC12MEM13_L
0000073c   ADC12MEM14
0000073d   ADC12MEM14_H
0000073c   ADC12MEM14_L
0000073e   ADC12MEM15
0000073f   ADC12MEM15_H
0000073e   ADC12MEM15_L
00000723   ADC12MEM1_H
00000722   ADC12MEM1_L
00000724   ADC12MEM2
00000725   ADC12MEM2_H
00000724   ADC12MEM2_L
00000726   ADC12MEM3
00000727   ADC12MEM3_H
00000726   ADC12MEM3_L
00000728   ADC12MEM4
00000729   ADC12MEM4_H
00000728   ADC12MEM4_L
0000072a   ADC12MEM5
0000072b   ADC12MEM5_H
0000072a   ADC12MEM5_L
0000072c   ADC12MEM6
0000072d   ADC12MEM6_H
0000072c   ADC12MEM6_L
0000072e   ADC12MEM7
0000072f   ADC12MEM7_H
0000072e   ADC12MEM7_L
00000730   ADC12MEM8
00000731   ADC12MEM8_H
00000730   ADC12MEM8_L
00000732   ADC12MEM9
00000733   ADC12MEM9_H
00000732   ADC12MEM9_L
00004698   ADC12_ISR
0000318e   ADC_R_Alto
00003192   ADC_R_Bajo
0000a378   Activar_Timeout_Slave
0000a49e   Apagar_ADC
0000873e   AppWriteFile
00006ea6   ArchivoLogGeneral
000093a8   Archivo_Log_Datos_Binario
0000a55c   C$$EXIT
000008c0   CBCTL0
000008c1   CBCTL0_H
000008c0   CBCTL0_L
000008c2   CBCTL1
000008c3   CBCTL1_H
000008c2   CBCTL1_L
000008c4   CBCTL2
000008c5   CBCTL2_H
000008c4   CBCTL2_L
000008c6   CBCTL3
000008c7   CBCTL3_H
000008c6   CBCTL3_L
000008cc   CBINT
000008cd   CBINT_H
000008cc   CBINT_L
000008ce   CBIV
0000a31e   CRC16
00000150   CRCDI
00000152   CRCDIRB
00000153   CRCDIRB_H
00000152   CRCDIRB_L
00000151   CRCDI_H
00000150   CRCDI_L
00000154   CRCINIRES
00000155   CRCINIRES_H
00000154   CRCINIRES_L
00000156   CRCRESR
00000157   CRCRESR_H
00000156   CRCRESR_L
00009474   ClearTempData
0000a058   CompararArray_8_bits
0000a25a   Concatenar_CRC
00008ca6   Conductividad
0000a29e   CopiarArray_8_bits
0000a33c   CreateDirectory
00000510   DMA0CTL
00000511   DMA0CTL_H
00000510   DMA0CTL_L
00000516   DMA0DA
00000516   DMA0DAL
00000512   DMA0SA
00000512   DMA0SAL
0000051a   DMA0SZ
00000520   DMA1CTL
00000521   DMA1CTL_H
00000520   DMA1CTL_L
00000526   DMA1DA
00000526   DMA1DAL
00000522   DMA1SA
00000522   DMA1SAL
0000052a   DMA1SZ
00000530   DMA2CTL
00000531   DMA2CTL_H
00000530   DMA2CTL_L
00000536   DMA2DA
00000536   DMA2DAL
00000532   DMA2SA
00000532   DMA2SAL
0000053a   DMA2SZ
00000500   DMACTL0
00000501   DMACTL0_H
00000500   DMACTL0_L
00000502   DMACTL1
00000503   DMACTL1_H
00000502   DMACTL1_L
00000504   DMACTL2
00000505   DMACTL2_H
00000504   DMACTL2_L
00000506   DMACTL3
00000507   DMACTL3_H
00000506   DMACTL3_L
00000508   DMACTL4
00000509   DMACTL4_H
00000508   DMACTL4_L
0000050e   DMAIV
0000050f   DMAIV_H
0000050e   DMAIV_L
00002400   DMA_Canal_0
00002604   DMA_Canal_1
00004624   DMA_ISR
00008264   DatosFechaHora
00009538   Decodificar_Comando
00006686   Dir_Pin
000098fc   Encabezado
00009de0   EncabezadoTabla
00008344   Enviar_Medicion_Binario
000094d6   Escribir_Byte_en_Flash
000090c6   Escribir_DWord_en_Flash
0000933a   Escribir_Word_en_Flash
000091ce   Establecer_Registros_RTC
0000a236   ExistingDirectory
0000a210   ExistingFile
000092c8   Extraer_Nombre_de_Archivo
00000140   FCTL1
00000141   FCTL1_H
00000140   FCTL1_L
00000144   FCTL3
00000145   FCTL3_H
00000144   FCTL3_L
00000146   FCTL4
00000147   FCTL4_H
00000146   FCTL4_L
0000a394   Finalizar_Timer_ADC
0000646c   Frame_Respuesta
00009f5e   Frame_Timeout
000088b0   GetDirectory
0000325e   INS
00003148   I_Acumulador
0000313c   I_Integral_Media_Onda_Promediado
0000a522   I_LSL
0000314c   I_Maximo_Promedio
00007da8   Inicializacion_Hardware_Board
00009598   Inicializacion_Hardware_Conductividad
00009862   Inicializar_ADC_Conductividad
00009990   Inicializar_ADC_Sensores
00009aae   Inicializar_Canal_1
00009af2   Inicializar_Canal_2
000095f6   Inicializar_DMA
00009f90   Inicializar_FLL
00009d2e   Inicializar_Terminal
0000a4ae   Inicializar_Timeout_UART_1
0000a0e6   Inicializar_Timer_ADC_Fs
00009fc2   Inicializar_UART0
00009ff4   Inicializar_UART1
0000a50e   Inicializar_XBOB
000087f8   Iniciar_Medicion_Conductividad
0000a16a   Iniciar_Medicion_Sensores
0000a4be   Iniciar_Transmision_Paquete_UART0
0000a4ce   Iniciar_Transmision_Paquete_UART1
00008180   Init_FLL
00009e50   Init_FLL_Settle
0000a1e8   Init_Leer_Stream_Archivo
00009b36   Init_RTC
00009e86   LFXT_Start
00009cac   L_ASR_1
00009c88   L_ASR_10
00009c84   L_ASR_11
00009c80   L_ASR_12
00009c7c   L_ASR_13
00009c78   L_ASR_14
00009c74   L_ASR_15
00009ca8   L_ASR_2
00009ca4   L_ASR_3
00009ca0   L_ASR_4
00009c9c   L_ASR_5
00009c98   L_ASR_6
00009c94   L_ASR_7
00009c90   L_ASR_8
00009c8c   L_ASR_9
0000a4de   L_LSL
00009cea   L_LSL_1
00009cc6   L_LSL_10
00009cc2   L_LSL_11
00009cbe   L_LSL_12
00009cba   L_LSL_13
00009cb6   L_LSL_14
00009cb2   L_LSL_15
00009ce6   L_LSL_2
00009ce2   L_LSL_3
00009cde   L_LSL_4
00009cda   L_LSL_5
00009cd6   L_LSL_6
00009cd2   L_LSL_7
00009cce   L_LSL_8
00009cca   L_LSL_9
00009d28   L_LSR_1
00009d04   L_LSR_10
00009d00   L_LSR_11
00009cfc   L_LSR_12
00009cf8   L_LSR_13
00009cf4   L_LSR_14
00009cf0   L_LSR_15
00009d24   L_LSR_2
00009d20   L_LSR_3
00009d1c   L_LSR_4
00009d18   L_LSR_5
00009d14   L_LSR_6
00009d10   L_LSR_7
00009d0c   L_LSR_8
00009d08   L_LSR_9
000099d8   Leer_Frame
0000a35a   Leer_Registros_RTC
00009250   Leer_Stream_Archivo
00007a9c   Log_Datos_Binarios
000004c4   MAC
000004da   MAC32H
000004db   MAC32H_H
000004da   MAC32H_L
000004d8   MAC32L
000004d9   MAC32L_H
000004d8   MAC32L_L
000004c6   MACS
000004de   MACS32H
000004df   MACS32H_H
000004de   MACS32H_L
000004dc   MACS32L
000004dd   MACS32L_H
000004dc   MACS32L_L
000004c7   MACS_H
000004c6   MACS_L
000004c5   MAC_H
000004c4   MAC_L
000004c0   MPY
000004ec   MPY32CTL0
000004ed   MPY32CTL0_H
000004ec   MPY32CTL0_L
000004d2   MPY32H
000004d3   MPY32H_H
000004d2   MPY32H_L
000004d0   MPY32L
000004d1   MPY32L_H
000004d0   MPY32L_L
000004c2   MPYS
000004d6   MPYS32H
000004d7   MPYS32H_H
000004d6   MPYS32H_L
000004d4   MPYS32L
000004d5   MPYS32L_H
000004d4   MPYS32L_L
000004c3   MPYS_H
000004c2   MPYS_L
000004c1   MPY_H
000004c0   MPY_L
00007ba6   Medicion_Sensores
000049ce   Modos_Maq_Estados
000004c8   OP2
000004e2   OP2H
000004e3   OP2H_H
000004e2   OP2H_L
000004e0   OP2L
000004e1   OP2L_H
000004e0   OP2L_L
000004c9   OP2_H
000004c8   OP2_L
00003174   OffsetConductividadCompensada
00003160   Offset_Conductividad
00003216   Offset_Conductividad_tmp
000031a2   Offset_Resistencia
0000320e   Offset_Resistencia_tmp
000031b6   Offset_Temperatura
0000020e   P1IV
0000021e   P2IV
000001e0   P4MAP01
000001e1   P4MAP01_H
000001e0   P4MAP01_L
000001e2   P4MAP23
000001e3   P4MAP23_H
000001e2   P4MAP23_L
000001e4   P4MAP45
000001e5   P4MAP45_H
000001e4   P4MAP45_L
000001e6   P4MAP67
000001e7   P4MAP67_H
000001e6   P4MAP67_L
00000204   PADIR
00000205   PADIR_H
00000204   PADIR_L
00000208   PADS
00000209   PADS_H
00000208   PADS_L
0000021a   PAIE
00000218   PAIES
00000219   PAIES_H
00000218   PAIES_L
0000021b   PAIE_H
0000021a   PAIE_L
0000021c   PAIFG
0000021d   PAIFG_H
0000021c   PAIFG_L
00000200   PAIN
00000201   PAIN_H
00000200   PAIN_L
00000202   PAOUT
00000203   PAOUT_H
00000202   PAOUT_L
00000206   PAREN
00000207   PAREN_H
00000206   PAREN_L
0000020a   PASEL
0000020b   PASEL_H
0000020a   PASEL_L
00000224   PBDIR
00000225   PBDIR_H
00000224   PBDIR_L
00000228   PBDS
00000229   PBDS_H
00000228   PBDS_L
00000220   PBIN
00000221   PBIN_H
00000220   PBIN_L
00000222   PBOUT
00000223   PBOUT_H
00000222   PBOUT_L
00000226   PBREN
00000227   PBREN_H
00000226   PBREN_L
0000022a   PBSEL
0000022b   PBSEL_H
0000022a   PBSEL_L
0000a52c   PCB_Analogico_OFF
0000a534   PCB_Analogico_ON
00000244   PCDIR
00000245   PCDIR_H
00000244   PCDIR_L
00000248   PCDS
00000249   PCDS_H
00000248   PCDS_L
00000240   PCIN
00000241   PCIN_H
00000240   PCIN_L
00000242   PCOUT
00000243   PCOUT_H
00000242   PCOUT_L
00000246   PCREN
00000247   PCREN_H
00000246   PCREN_L
0000024a   PCSEL
0000024b   PCSEL_H
0000024a   PCSEL_L
0000316c   PConductividad
00003170   PConductividadCompensada
00000264   PDDIR
00000265   PDDIR_H
00000264   PDDIR_L
00000268   PDDS
00000269   PDDS_H
00000268   PDDS_L
00000260   PDIN
00000261   PDIN_H
00000260   PDIN_L
00000262   PDOUT
00000263   PDOUT_H
00000262   PDOUT_L
00000266   PDREN
00000267   PDREN_H
00000266   PDREN_L
0000026a   PDSEL
0000026b   PDSEL_H
0000026a   PDSEL_L
00000324   PJDIR
00000325   PJDIR_H
00000324   PJDIR_L
00000328   PJDS
00000329   PJDS_H
00000328   PJDS_L
00000320   PJIN
00000321   PJIN_H
00000320   PJIN_L
00000322   PJOUT
00000323   PJOUT_H
00000322   PJOUT_L
00000326   PJREN
00000327   PJREN_H
00000326   PJREN_L
00000130   PM5CTL0
00000131   PM5CTL0_H
00000130   PM5CTL0_L
000001c2   PMAPCTL
000001c3   PMAPCTL_H
000001c2   PMAPCTL_L
000001c0   PMAPKEYID
000001c1   PMAPKEYID_H
000001c0   PMAPKEYID_L
00000120   PMMCTL0
00000121   PMMCTL0_H
00000120   PMMCTL0_L
00000122   PMMCTL1
00000123   PMMCTL1_H
00000122   PMMCTL1_L
0000012c   PMMIFG
0000012d   PMMIFG_H
0000012c   PMMIFG_L
0000012e   PMMRIE
0000012f   PMMRIE_H
0000012e   PMMRIE_L
0000318a   PPT100
00003186   PT100A
00003188   PT100B
0000313a   PT100PromedioObtenido
0000a194   PWM_Activar_Salida
00009d6a   PWM_Cargar_Sgn
0000a2be   PWM_Desactivar_Salida
0000903a   PWM_Init_TA1_1
00009ebc   PWM_Setear_Duty
00009da6   PWM_Setear_Fsw
0000315c   Pendiente_Conductividad
00003212   Pendiente_Conductividad_tmp
0000319e   Pendiente_Resistencia
0000320a   Pendiente_Resistencia_tmp
000031b2   Pendiente_Temperatura
00007984   Procesar_Frame_Recibido
000074ae   Procesar_Sgn_Conductividad
0000a088   Promediar_Sgn_Sensores
00000158   RCCTL0
00000159   RCCTL0_H
00000158   RCCTL0_L
000001b0   REFCTL0
000001b1   REFCTL0_H
000001b0   REFCTL0_L
000004e4   RES0
000004e5   RES0_H
000004e4   RES0_L
000004e6   RES1
000004e7   RES1_H
000004e6   RES1_L
000004e8   RES2
000004e9   RES2_H
000004e8   RES2_L
000004ea   RES3
000004eb   RES3_H
000004ea   RES3_L
000004cc   RESHI
000004cd   RESHI_H
000004cc   RESHI_L
000004ca   RESLO
000004cb   RESLO_H
000004ca   RESLO_L
000031ba   RLeida
000004ba   RTCADOWDAY
000004bb   RTCADOWDAY_H
000004ba   RTCADOWDAY_L
000004b8   RTCAMINHR
000004b9   RTCAMINHR_H
000004b8   RTCAMINHR_L
000004a0   RTCCTL01
000004a1   RTCCTL01_H
000004a0   RTCCTL01_L
000004a2   RTCCTL23
000004a3   RTCCTL23_H
000004a2   RTCCTL23_L
000004b4   RTCDATE
000004b5   RTCDATE_H
000004b4   RTCDATE_L
000004ae   RTCIV
000004ac   RTCPS
000004a8   RTCPS0CTL
000004a9   RTCPS0CTL_H
000004a8   RTCPS0CTL_L
000004aa   RTCPS1CTL
000004ab   RTCPS1CTL_H
000004aa   RTCPS1CTL_L
000004ad   RTCPS_H
000004ac   RTCPS_L
000004b0   RTCTIM0
000004b1   RTCTIM0_H
000004b0   RTCTIM0_L
000004b2   RTCTIM1
000004b3   RTCTIM1_H
000004b2   RTCTIM1_L
000004b6   RTCYEAR
000004b7   RTCYEAR_H
000004b6   RTCYEAR_L
00004400   RTC_ISR
00003196   R_Alto
0000319a   R_Bajo
000097bc   RecuperarVariablesFlash
00009b76   Resistencia_Calibracion
000031a6   Resistencia_Medida
0000a456   SDCard_fastMode
00009946   SDCard_init
0000a026   SDCard_readFrame
0000a1be   SDCard_sendFrame
0000a53c   SDCard_setCSHigh
0000a544   SDCard_setCSLow
00000100   SFRIE1
00000101   SFRIE1_H
00000100   SFRIE1_L
00000102   SFRIFG1
00000103   SFRIFG1_H
00000102   SFRIFG1_L
00000104   SFRRPCR
00000105   SFRRPCR_H
00000104   SFRRPCR_L
000004ce   SUMEXT
000004cf   SUMEXT_H
000004ce   SUMEXT_L
00000124   SVSMHCTL
00000125   SVSMHCTL_H
00000124   SVSMHCTL_L
00000128   SVSMIO
00000129   SVSMIO_H
00000128   SVSMIO_L
00000126   SVSMLCTL
00000127   SVSMLCTL_H
00000126   SVSMLCTL_L
00000198   SYSBERRIV
00000199   SYSBERRIV_H
00000198   SYSBERRIV_L
00000182   SYSBSLC
00000183   SYSBSLC_H
00000182   SYSBSLC_L
00000180   SYSCTL
00000181   SYSCTL_H
00000180   SYSCTL_L
00000186   SYSJMBC
00000187   SYSJMBC_H
00000186   SYSJMBC_L
00000188   SYSJMBI0
00000189   SYSJMBI0_H
00000188   SYSJMBI0_L
0000018a   SYSJMBI1
0000018b   SYSJMBI1_H
0000018a   SYSJMBI1_L
0000018c   SYSJMBO0
0000018d   SYSJMBO0_H
0000018c   SYSJMBO0_L
0000018e   SYSJMBO1
0000018f   SYSJMBO1_H
0000018e   SYSJMBO1_L
0000019e   SYSRSTIV
0000019f   SYSRSTIV_H
0000019e   SYSRSTIV_L
0000019c   SYSSNIV
0000019d   SYSSNIV_H
0000019c   SYSSNIV_L
0000019a   SYSUNIV
0000019b   SYSUNIV_H
0000019a   SYSUNIV_L
00009bb6   SetVCore
00000352   TA0CCR0
00000354   TA0CCR1
00000356   TA0CCR2
00000358   TA0CCR3
0000035a   TA0CCR4
00000342   TA0CCTL0
00000344   TA0CCTL1
00000346   TA0CCTL2
00000348   TA0CCTL3
0000034a   TA0CCTL4
00000340   TA0CTL
00000360   TA0EX0
0000036e   TA0IV
00000350   TA0R
00000392   TA1CCR0
00000394   TA1CCR1
00000396   TA1CCR2
00000382   TA1CCTL0
00000384   TA1CCTL1
00000386   TA1CCTL2
00000380   TA1CTL
000003a0   TA1EX0
000003ae   TA1IV
00000390   TA1R
00000412   TA2CCR0
00000414   TA2CCR1
00000416   TA2CCR2
00000402   TA2CCTL0
00000404   TA2CCTL1
00000406   TA2CCTL2
00000400   TA2CTL
00000420   TA2EX0
0000042e   TA2IV
00000410   TA2R
000003d2   TB0CCR0
000003d4   TB0CCR1
000003d6   TB0CCR2
000003d8   TB0CCR3
000003da   TB0CCR4
000003dc   TB0CCR5
000003de   TB0CCR6
000003c2   TB0CCTL0
000003c4   TB0CCTL1
000003c6   TB0CCTL2
000003c8   TB0CCTL3
000003ca   TB0CCTL4
000003cc   TB0CCTL5
000003ce   TB0CCTL6
000003c0   TB0CTL
000003e0   TB0EX0
000003ee   TB0IV
000003d0   TB0R
000046de   TIMER1_A0_ISR
00004734   TIMER2_A0_ISR
00008b62   Temperatura
00009e18   Timer_A2_Delay
000005d0   UCA0ABCTL
000005c6   UCA0BRW
000005c7   UCA0BRW_H
000005c6   UCA0BRW_L
000005c0   UCA0CTLW0
000005c1   UCA0CTLW0_H
000005c0   UCA0CTLW0_L
000005dc   UCA0ICTL
000005dd   UCA0ICTL_H
000005dc   UCA0ICTL_L
000005d2   UCA0IRCTL
000005d3   UCA0IRCTL_H
000005d2   UCA0IRCTL_L
000005de   UCA0IV
000005c8   UCA0MCTL
000005cc   UCA0RXBUF
000005ca   UCA0STAT
000005ce   UCA0TXBUF
00000610   UCA1ABCTL
00000606   UCA1BRW
00000607   UCA1BRW_H
00000606   UCA1BRW_L
00000600   UCA1CTLW0
00000601   UCA1CTLW0_H
00000600   UCA1CTLW0_L
0000061c   UCA1ICTL
0000061d   UCA1ICTL_H
0000061c   UCA1ICTL_L
00000612   UCA1IRCTL
00000613   UCA1IRCTL_H
00000612   UCA1IRCTL_L
0000061e   UCA1IV
00000608   UCA1MCTL
0000060c   UCA1RXBUF
0000060a   UCA1STAT
0000060e   UCA1TXBUF
000005e6   UCB0BRW
000005e7   UCB0BRW_H
000005e6   UCB0BRW_L
000005e0   UCB0CTLW0
000005e1   UCB0CTLW0_H
000005e0   UCB0CTLW0_L
000005f0   UCB0I2COA
000005f1   UCB0I2COA_H
000005f0   UCB0I2COA_L
000005f2   UCB0I2CSA
000005f3   UCB0I2CSA_H
000005f2   UCB0I2CSA_L
000005fc   UCB0ICTL
000005fd   UCB0ICTL_H
000005fc   UCB0ICTL_L
000005fe   UCB0IV
000005ec   UCB0RXBUF
000005ea   UCB0STAT
000005ee   UCB0TXBUF
00000626   UCB1BRW
00000627   UCB1BRW_H
00000626   UCB1BRW_L
00000620   UCB1CTLW0
00000621   UCB1CTLW0_H
00000620   UCB1CTLW0_L
00000630   UCB1I2COA
00000631   UCB1I2COA_H
00000630   UCB1I2COA_L
00000632   UCB1I2CSA
00000633   UCB1I2CSA_H
00000632   UCB1I2CSA_L
0000063c   UCB1ICTL
0000063d   UCB1ICTL_H
0000063c   UCB1ICTL_L
0000063e   UCB1IV
0000062c   UCB1RXBUF
0000062a   UCB1STAT
0000062e   UCB1TXBUF
00000160   UCSCTL0
00000161   UCSCTL0_H
00000160   UCSCTL0_L
00000162   UCSCTL1
00000163   UCSCTL1_H
00000162   UCSCTL1_L
00000164   UCSCTL2
00000165   UCSCTL2_H
00000164   UCSCTL2_L
00000166   UCSCTL3
00000167   UCSCTL3_H
00000166   UCSCTL3_L
00000168   UCSCTL4
00000169   UCSCTL4_H
00000168   UCSCTL4_L
0000016a   UCSCTL5
0000016b   UCSCTL5_H
0000016a   UCSCTL5_L
0000016c   UCSCTL6
0000016d   UCSCTL6_H
0000016c   UCSCTL6_L
0000016e   UCSCTL7
0000016f   UCSCTL7_H
0000016e   UCSCTL7_L
00000170   UCSCTL8
00000171   UCSCTL8_H
00000170   UCSCTL8_L
00000902   USBCNF
00000903   USBCNF_H
00000902   USBCNF_L
0000093c   USBCTL
0000093a   USBFN
0000093b   USBFN_H
0000093a   USBFN_L
0000093f   USBFUNADR
0000093d   USBIE
00002378   USBIEP0BUF
000023c9   USBIEPBBAX_1
000023d1   USBIEPBBAX_2
000023d9   USBIEPBBAX_3
000023e1   USBIEPBBAX_4
000023e9   USBIEPBBAX_5
000023f1   USBIEPBBAX_6
000023f9   USBIEPBBAX_7
000023cd   USBIEPBBAY_1
000023d5   USBIEPBBAY_2
000023dd   USBIEPBBAY_3
000023e5   USBIEPBBAY_4
000023ed   USBIEPBBAY_5
000023f5   USBIEPBBAY_6
000023fd   USBIEPBBAY_7
000023ca   USBIEPBCTX_1
000023d2   USBIEPBCTX_2
000023da   USBIEPBCTX_3
000023e2   USBIEPBCTX_4
000023ea   USBIEPBCTX_5
000023f2   USBIEPBCTX_6
000023fa   USBIEPBCTX_7
000023ce   USBIEPBCTY_1
000023d6   USBIEPBCTY_2
000023de   USBIEPBCTY_3
000023e6   USBIEPBCTY_4
000023ee   USBIEPBCTY_5
000023f6   USBIEPBCTY_6
000023fe   USBIEPBCTY_7
00000920   USBIEPCNF_0
000023c8   USBIEPCNF_1
000023d0   USBIEPCNF_2
000023d8   USBIEPCNF_3
000023e0   USBIEPCNF_4
000023e8   USBIEPCNF_5
000023f0   USBIEPCNF_6
000023f8   USBIEPCNF_7
00000921   USBIEPCNT_0
0000092e   USBIEPIE
00000930   USBIEPIFG
000023cf   USBIEPSIZXY_1
000023d7   USBIEPSIZXY_2
000023df   USBIEPSIZXY_3
000023e7   USBIEPSIZXY_4
000023ef   USBIEPSIZXY_5
000023f7   USBIEPSIZXY_6
000023ff   USBIEPSIZXY_7
0000093e   USBIFG
00000900   USBKEYID
00000901   USBKEYID_H
00000900   USBKEYID_L
00000936   USBMAINT
00000937   USBMAINT_H
00000936   USBMAINT_L
00002370   USBOEP0BUF
00002389   USBOEPBBAX_1
00002391   USBOEPBBAX_2
00002399   USBOEPBBAX_3
000023a1   USBOEPBBAX_4
000023a9   USBOEPBBAX_5
000023b1   USBOEPBBAX_6
000023b9   USBOEPBBAX_7
0000238d   USBOEPBBAY_1
00002395   USBOEPBBAY_2
0000239d   USBOEPBBAY_3
000023a5   USBOEPBBAY_4
000023ad   USBOEPBBAY_5
000023b5   USBOEPBBAY_6
000023bd   USBOEPBBAY_7
0000238a   USBOEPBCTX_1
00002392   USBOEPBCTX_2
0000239a   USBOEPBCTX_3
000023a2   USBOEPBCTX_4
000023aa   USBOEPBCTX_5
000023b2   USBOEPBCTX_6
000023ba   USBOEPBCTX_7
0000238e   USBOEPBCTY_1
00002396   USBOEPBCTY_2
0000239e   USBOEPBCTY_3
000023a6   USBOEPBCTY_4
000023ae   USBOEPBCTY_5
000023b6   USBOEPBCTY_6
000023be   USBOEPBCTY_7
00000922   USBOEPCNF_0
00002388   USBOEPCNF_1
00002390   USBOEPCNF_2
00002398   USBOEPCNF_3
000023a0   USBOEPCNF_4
000023a8   USBOEPCNF_5
000023b0   USBOEPCNF_6
000023b8   USBOEPCNF_7
00000923   USBOEPCNT_0
0000092f   USBOEPIE
00000931   USBOEPIFG
0000238f   USBOEPSIZXY_1
00002397   USBOEPSIZXY_2
0000239f   USBOEPSIZXY_3
000023a7   USBOEPSIZXY_4
000023af   USBOEPSIZXY_5
000023b7   USBOEPSIZXY_6
000023bf   USBOEPSIZXY_7
00000904   USBPHYCTL
00000905   USBPHYCTL_H
00000904   USBPHYCTL_L
00000910   USBPLLCTL
00000911   USBPLLCTL_H
00000910   USBPLLCTL_L
00000912   USBPLLDIVB
00000913   USBPLLDIVB_H
00000912   USBPLLDIVB_L
00000914   USBPLLIR
00000915   USBPLLIR_H
00000914   USBPLLIR_L
00000908   USBPWRCTL
00000909   USBPWRCTL_H
00000908   USBPWRCTL_L
00001c00   USBSTABUFF
00002380   USBSUBLK
0000236f   USBTOPBUFF
00000938   USBTSREG
00000939   USBTSREG_H
00000938   USBTSREG_L
00000932   USBVECINT
00000933   USBVECINT_H
00000932   USBVECINT_L
000044e8   USCI_A0_ISR
00004586   USCI_A1_ISR
00003144   V_Acumulador
00003140   V_Integral_Media_Onda_Promediado
00003150   V_Maximo_Promedio
0000015c   WDTCTL
0000015d   WDTCTL_H
0000015c   WDTCTL_L
00009a20   WriteFile
00004400   __STACK_END
000000a0   __STACK_SIZE
00000001   __TI_args_main
00000001   __TI_auto_init
00000001   __TI_exit
ffffffff   __binit__
00002400   __bss__
ffffffff   __c_args__
0000475a   __cinit__
0000a112   __divi
00009bf6   __divli
0000a3c4   __divu
0000970c   __divul
00003268   __end__
ffffffff   __etext__
0000a3da   __mpyi_f5hw
0000a27c   __mpyl_f5hw
ffffffff   __pinit__
0000a112   __remi
00009bf6   __remli
0000a3c4   __remu
0000970c   __remul
ffffffff   __text__
00009a68   _auto_init
0000470a   _c_int00
0000470a   _c_int00_noexit
0000324c   _cleanup_ptr
00003250   _dtors_ptr
00003244   _lock
0000a560   _nop
0000fffe   _reset_vector
00004360   _stack
0000a558   _system_pre_init
00003248   _unlock
0000a55c   abort
0000283c   anio
ffffffff   binit
00002bf4   buff
0000280e   bufferArchivo
00003134   buffers_completos
00002d12   cadena_archivos
0000303a   cadena_cond
00002d06   cadena_conductividad
00002d0c   cadena_datos
0000a876   cadena_error_con
0000a87c   cadena_error_crc
0000a882   cadena_error_dat
0000a888   cadena_error_noi
0000a88e   cadena_error_ubq
0000a894   cadena_error_unk
0000a89a   cadena_estoy
00002cf4   cadena_hora
0000302e   cadena_nerox
00002d00   cadena_resistencia
00003054   cadena_temp
00002cfa   cadena_temperatura
0000301e   cadena_test
000098b0   calculoFactorCompensacionTemperatura
00003262   calibrar_temperatura_estado
00002d30   canal_rx_0
00002ddc   canal_rx_2
000030ae   canal_salida_xbob
00002d86   canal_tx_0
00002e32   canal_tx_2
00002aa4   canal_tx_stream
0000306e   caracteres_xbob_4
0000475a   cinit
00009c36   clust2sect
00003184   compensacionPorTemperaturaFlag
0000317c   compensacionTemperatura
00003164   conductividadProcesada
00003168   conductividadProcesada_prev
00003166   conductividadProcesada_recibida
0000316a   conductividadProcesada_recibida_prev
00003136   conductividadPromedioObtenida
00003242   contador_ts
00003180   corrimiento_temperatura
0000322d   day_BCD
00003223   day_tmp
00003254   delay_timer_A2
00002834   dia
000075f2   disk_initialize
00007f9c   disk_ioctl
00008fa6   disk_read
0000a2de   disk_status
00008682   disk_write
00003268   end
00002808   estado_canal_0
00002809   estado_canal_1
ffffffff   etext
0000a41a   f_close
0000621c   f_lseek
00006ab6   f_mkdir
0000a0b8   f_mount
0000689e   f_open
00008c04   f_opendir
00006cc6   f_read
00009410   f_readdir
00008aba   f_sync
00007cac   f_unlink
00005f90   f_write
00003178   factorCorreccion
00007732   get_fat
0000a518   get_fattime
00003266   haySD
00002828   hora
0000322c   hour_BCD
00003220   hour_tmp
0000321f   ind_acumulado
0000321e   ind_archivo
00003130   indice
00003232   lectura_registros_RTC
00002bf0   listIndex
0000a762   lista_de_comandos
00008e78   main
000030b0   medicion_adc_0
0000a47a   memcpy
0000a442   memset
00002838   mes
0000282c   min
0000322b   min_BCD
00003221   min_tmp
00003228   modo_enviar_f_y_h
0000321c   modo_envio_K
0000321a   modo_envio_T
00003264   modo_establecido
0000322e   mon_BCD
00003224   mon_tmp
00002bbc   nameLengths
00002aa6   names
00002bef   namesIndex
00002bee   numNames
00002b6e   output
00002b80   path
00002bb2   pathLengths
ffffffff   pinit
0000703e   put_fat
000031be   pwm1
0000322a   sec_BCD
00003222   sec_tmp
00002830   seg
00002bf1   selectedIndex
00002bf2   selectedLength
000031e8   sgn_senoidal_fs
000031e6   sgn_senoidal_largo
000031ea   sgn_senoidal_muestras
0000a2fe   strcat
0000a3f0   strcpy
00002840   stream_archivo
0000a48c   strlen
000031aa   temperaturaProcesada
000031ae   temperaturaProcesada_prev
000031ac   temperaturaProcesada_recibida
000031b0   temperaturaProcesada_recibida_prev
00002e88   terminal
0000323a   timeout_Slave
00003234   timeout_UART1
00003156   valorAltoConductividad
0000315a   valorAltoIngConductividad
00003154   valorBajoConductividad
00003158   valorBajoIngConductividad
00003230   year_BCD
00003226   year_tmp


GLOBAL SYMBOLS: SORTED BY Symbol Address 

address    name
--------   ----
00000001   __TI_args_main
00000001   __TI_auto_init
00000001   __TI_exit
000000a0   __STACK_SIZE
00000100   SFRIE1
00000100   SFRIE1_L
00000101   SFRIE1_H
00000102   SFRIFG1
00000102   SFRIFG1_L
00000103   SFRIFG1_H
00000104   SFRRPCR
00000104   SFRRPCR_L
00000105   SFRRPCR_H
00000120   PMMCTL0
00000120   PMMCTL0_L
00000121   PMMCTL0_H
00000122   PMMCTL1
00000122   PMMCTL1_L
00000123   PMMCTL1_H
00000124   SVSMHCTL
00000124   SVSMHCTL_L
00000125   SVSMHCTL_H
00000126   SVSMLCTL
00000126   SVSMLCTL_L
00000127   SVSMLCTL_H
00000128   SVSMIO
00000128   SVSMIO_L
00000129   SVSMIO_H
0000012c   PMMIFG
0000012c   PMMIFG_L
0000012d   PMMIFG_H
0000012e   PMMRIE
0000012e   PMMRIE_L
0000012f   PMMRIE_H
00000130   PM5CTL0
00000130   PM5CTL0_L
00000131   PM5CTL0_H
00000140   FCTL1
00000140   FCTL1_L
00000141   FCTL1_H
00000144   FCTL3
00000144   FCTL3_L
00000145   FCTL3_H
00000146   FCTL4
00000146   FCTL4_L
00000147   FCTL4_H
00000150   CRCDI
00000150   CRCDI_L
00000151   CRCDI_H
00000152   CRCDIRB
00000152   CRCDIRB_L
00000153   CRCDIRB_H
00000154   CRCINIRES
00000154   CRCINIRES_L
00000155   CRCINIRES_H
00000156   CRCRESR
00000156   CRCRESR_L
00000157   CRCRESR_H
00000158   RCCTL0
00000158   RCCTL0_L
00000159   RCCTL0_H
0000015c   WDTCTL
0000015c   WDTCTL_L
0000015d   WDTCTL_H
00000160   UCSCTL0
00000160   UCSCTL0_L
00000161   UCSCTL0_H
00000162   UCSCTL1
00000162   UCSCTL1_L
00000163   UCSCTL1_H
00000164   UCSCTL2
00000164   UCSCTL2_L
00000165   UCSCTL2_H
00000166   UCSCTL3
00000166   UCSCTL3_L
00000167   UCSCTL3_H
00000168   UCSCTL4
00000168   UCSCTL4_L
00000169   UCSCTL4_H
0000016a   UCSCTL5
0000016a   UCSCTL5_L
0000016b   UCSCTL5_H
0000016c   UCSCTL6
0000016c   UCSCTL6_L
0000016d   UCSCTL6_H
0000016e   UCSCTL7
0000016e   UCSCTL7_L
0000016f   UCSCTL7_H
00000170   UCSCTL8
00000170   UCSCTL8_L
00000171   UCSCTL8_H
00000180   SYSCTL
00000180   SYSCTL_L
00000181   SYSCTL_H
00000182   SYSBSLC
00000182   SYSBSLC_L
00000183   SYSBSLC_H
00000186   SYSJMBC
00000186   SYSJMBC_L
00000187   SYSJMBC_H
00000188   SYSJMBI0
00000188   SYSJMBI0_L
00000189   SYSJMBI0_H
0000018a   SYSJMBI1
0000018a   SYSJMBI1_L
0000018b   SYSJMBI1_H
0000018c   SYSJMBO0
0000018c   SYSJMBO0_L
0000018d   SYSJMBO0_H
0000018e   SYSJMBO1
0000018e   SYSJMBO1_L
0000018f   SYSJMBO1_H
00000198   SYSBERRIV
00000198   SYSBERRIV_L
00000199   SYSBERRIV_H
0000019a   SYSUNIV
0000019a   SYSUNIV_L
0000019b   SYSUNIV_H
0000019c   SYSSNIV
0000019c   SYSSNIV_L
0000019d   SYSSNIV_H
0000019e   SYSRSTIV
0000019e   SYSRSTIV_L
0000019f   SYSRSTIV_H
000001b0   REFCTL0
000001b0   REFCTL0_L
000001b1   REFCTL0_H
000001c0   PMAPKEYID
000001c0   PMAPKEYID_L
000001c1   PMAPKEYID_H
000001c2   PMAPCTL
000001c2   PMAPCTL_L
000001c3   PMAPCTL_H
000001e0   P4MAP01
000001e0   P4MAP01_L
000001e1   P4MAP01_H
000001e2   P4MAP23
000001e2   P4MAP23_L
000001e3   P4MAP23_H
000001e4   P4MAP45
000001e4   P4MAP45_L
000001e5   P4MAP45_H
000001e6   P4MAP67
000001e6   P4MAP67_L
000001e7   P4MAP67_H
00000200   PAIN
00000200   PAIN_L
00000201   PAIN_H
00000202   PAOUT
00000202   PAOUT_L
00000203   PAOUT_H
00000204   PADIR
00000204   PADIR_L
00000205   PADIR_H
00000206   PAREN
00000206   PAREN_L
00000207   PAREN_H
00000208   PADS
00000208   PADS_L
00000209   PADS_H
0000020a   PASEL
0000020a   PASEL_L
0000020b   PASEL_H
0000020e   P1IV
00000218   PAIES
00000218   PAIES_L
00000219   PAIES_H
0000021a   PAIE
0000021a   PAIE_L
0000021b   PAIE_H
0000021c   PAIFG
0000021c   PAIFG_L
0000021d   PAIFG_H
0000021e   P2IV
00000220   PBIN
00000220   PBIN_L
00000221   PBIN_H
00000222   PBOUT
00000222   PBOUT_L
00000223   PBOUT_H
00000224   PBDIR
00000224   PBDIR_L
00000225   PBDIR_H
00000226   PBREN
00000226   PBREN_L
00000227   PBREN_H
00000228   PBDS
00000228   PBDS_L
00000229   PBDS_H
0000022a   PBSEL
0000022a   PBSEL_L
0000022b   PBSEL_H
00000240   PCIN
00000240   PCIN_L
00000241   PCIN_H
00000242   PCOUT
00000242   PCOUT_L
00000243   PCOUT_H
00000244   PCDIR
00000244   PCDIR_L
00000245   PCDIR_H
00000246   PCREN
00000246   PCREN_L
00000247   PCREN_H
00000248   PCDS
00000248   PCDS_L
00000249   PCDS_H
0000024a   PCSEL
0000024a   PCSEL_L
0000024b   PCSEL_H
00000260   PDIN
00000260   PDIN_L
00000261   PDIN_H
00000262   PDOUT
00000262   PDOUT_L
00000263   PDOUT_H
00000264   PDDIR
00000264   PDDIR_L
00000265   PDDIR_H
00000266   PDREN
00000266   PDREN_L
00000267   PDREN_H
00000268   PDDS
00000268   PDDS_L
00000269   PDDS_H
0000026a   PDSEL
0000026a   PDSEL_L
0000026b   PDSEL_H
00000320   PJIN
00000320   PJIN_L
00000321   PJIN_H
00000322   PJOUT
00000322   PJOUT_L
00000323   PJOUT_H
00000324   PJDIR
00000324   PJDIR_L
00000325   PJDIR_H
00000326   PJREN
00000326   PJREN_L
00000327   PJREN_H
00000328   PJDS
00000328   PJDS_L
00000329   PJDS_H
00000340   TA0CTL
00000342   TA0CCTL0
00000344   TA0CCTL1
00000346   TA0CCTL2
00000348   TA0CCTL3
0000034a   TA0CCTL4
00000350   TA0R
00000352   TA0CCR0
00000354   TA0CCR1
00000356   TA0CCR2
00000358   TA0CCR3
0000035a   TA0CCR4
00000360   TA0EX0
0000036e   TA0IV
00000380   TA1CTL
00000382   TA1CCTL0
00000384   TA1CCTL1
00000386   TA1CCTL2
00000390   TA1R
00000392   TA1CCR0
00000394   TA1CCR1
00000396   TA1CCR2
000003a0   TA1EX0
000003ae   TA1IV
000003c0   TB0CTL
000003c2   TB0CCTL0
000003c4   TB0CCTL1
000003c6   TB0CCTL2
000003c8   TB0CCTL3
000003ca   TB0CCTL4
000003cc   TB0CCTL5
000003ce   TB0CCTL6
000003d0   TB0R
000003d2   TB0CCR0
000003d4   TB0CCR1
000003d6   TB0CCR2
000003d8   TB0CCR3
000003da   TB0CCR4
000003dc   TB0CCR5
000003de   TB0CCR6
000003e0   TB0EX0
000003ee   TB0IV
00000400   TA2CTL
00000402   TA2CCTL0
00000404   TA2CCTL1
00000406   TA2CCTL2
00000410   TA2R
00000412   TA2CCR0
00000414   TA2CCR1
00000416   TA2CCR2
00000420   TA2EX0
0000042e   TA2IV
000004a0   RTCCTL01
000004a0   RTCCTL01_L
000004a1   RTCCTL01_H
000004a2   RTCCTL23
000004a2   RTCCTL23_L
000004a3   RTCCTL23_H
000004a8   RTCPS0CTL
000004a8   RTCPS0CTL_L
000004a9   RTCPS0CTL_H
000004aa   RTCPS1CTL
000004aa   RTCPS1CTL_L
000004ab   RTCPS1CTL_H
000004ac   RTCPS
000004ac   RTCPS_L
000004ad   RTCPS_H
000004ae   RTCIV
000004b0   RTCTIM0
000004b0   RTCTIM0_L
000004b1   RTCTIM0_H
000004b2   RTCTIM1
000004b2   RTCTIM1_L
000004b3   RTCTIM1_H
000004b4   RTCDATE
000004b4   RTCDATE_L
000004b5   RTCDATE_H
000004b6   RTCYEAR
000004b6   RTCYEAR_L
000004b7   RTCYEAR_H
000004b8   RTCAMINHR
000004b8   RTCAMINHR_L
000004b9   RTCAMINHR_H
000004ba   RTCADOWDAY
000004ba   RTCADOWDAY_L
000004bb   RTCADOWDAY_H
000004c0   MPY
000004c0   MPY_L
000004c1   MPY_H
000004c2   MPYS
000004c2   MPYS_L
000004c3   MPYS_H
000004c4   MAC
000004c4   MAC_L
000004c5   MAC_H
000004c6   MACS
000004c6   MACS_L
000004c7   MACS_H
000004c8   OP2
000004c8   OP2_L
000004c9   OP2_H
000004ca   RESLO
000004ca   RESLO_L
000004cb   RESLO_H
000004cc   RESHI
000004cc   RESHI_L
000004cd   RESHI_H
000004ce   SUMEXT
000004ce   SUMEXT_L
000004cf   SUMEXT_H
000004d0   MPY32L
000004d0   MPY32L_L
000004d1   MPY32L_H
000004d2   MPY32H
000004d2   MPY32H_L
000004d3   MPY32H_H
000004d4   MPYS32L
000004d4   MPYS32L_L
000004d5   MPYS32L_H
000004d6   MPYS32H
000004d6   MPYS32H_L
000004d7   MPYS32H_H
000004d8   MAC32L
000004d8   MAC32L_L
000004d9   MAC32L_H
000004da   MAC32H
000004da   MAC32H_L
000004db   MAC32H_H
000004dc   MACS32L
000004dc   MACS32L_L
000004dd   MACS32L_H
000004de   MACS32H
000004de   MACS32H_L
000004df   MACS32H_H
000004e0   OP2L
000004e0   OP2L_L
000004e1   OP2L_H
000004e2   OP2H
000004e2   OP2H_L
000004e3   OP2H_H
000004e4   RES0
000004e4   RES0_L
000004e5   RES0_H
000004e6   RES1
000004e6   RES1_L
000004e7   RES1_H
000004e8   RES2
000004e8   RES2_L
000004e9   RES2_H
000004ea   RES3
000004ea   RES3_L
000004eb   RES3_H
000004ec   MPY32CTL0
000004ec   MPY32CTL0_L
000004ed   MPY32CTL0_H
00000500   DMACTL0
00000500   DMACTL0_L
00000501   DMACTL0_H
00000502   DMACTL1
00000502   DMACTL1_L
00000503   DMACTL1_H
00000504   DMACTL2
00000504   DMACTL2_L
00000505   DMACTL2_H
00000506   DMACTL3
00000506   DMACTL3_L
00000507   DMACTL3_H
00000508   DMACTL4
00000508   DMACTL4_L
00000509   DMACTL4_H
0000050e   DMAIV
0000050e   DMAIV_L
0000050f   DMAIV_H
00000510   DMA0CTL
00000510   DMA0CTL_L
00000511   DMA0CTL_H
00000512   DMA0SA
00000512   DMA0SAL
00000516   DMA0DA
00000516   DMA0DAL
0000051a   DMA0SZ
00000520   DMA1CTL
00000520   DMA1CTL_L
00000521   DMA1CTL_H
00000522   DMA1SA
00000522   DMA1SAL
00000526   DMA1DA
00000526   DMA1DAL
0000052a   DMA1SZ
00000530   DMA2CTL
00000530   DMA2CTL_L
00000531   DMA2CTL_H
00000532   DMA2SA
00000532   DMA2SAL
00000536   DMA2DA
00000536   DMA2DAL
0000053a   DMA2SZ
000005c0   UCA0CTLW0
000005c0   UCA0CTLW0_L
000005c1   UCA0CTLW0_H
000005c6   UCA0BRW
000005c6   UCA0BRW_L
000005c7   UCA0BRW_H
000005c8   UCA0MCTL
000005ca   UCA0STAT
000005cc   UCA0RXBUF
000005ce   UCA0TXBUF
000005d0   UCA0ABCTL
000005d2   UCA0IRCTL
000005d2   UCA0IRCTL_L
000005d3   UCA0IRCTL_H
000005dc   UCA0ICTL
000005dc   UCA0ICTL_L
000005dd   UCA0ICTL_H
000005de   UCA0IV
000005e0   UCB0CTLW0
000005e0   UCB0CTLW0_L
000005e1   UCB0CTLW0_H
000005e6   UCB0BRW
000005e6   UCB0BRW_L
000005e7   UCB0BRW_H
000005ea   UCB0STAT
000005ec   UCB0RXBUF
000005ee   UCB0TXBUF
000005f0   UCB0I2COA
000005f0   UCB0I2COA_L
000005f1   UCB0I2COA_H
000005f2   UCB0I2CSA
000005f2   UCB0I2CSA_L
000005f3   UCB0I2CSA_H
000005fc   UCB0ICTL
000005fc   UCB0ICTL_L
000005fd   UCB0ICTL_H
000005fe   UCB0IV
00000600   UCA1CTLW0
00000600   UCA1CTLW0_L
00000601   UCA1CTLW0_H
00000606   UCA1BRW
00000606   UCA1BRW_L
00000607   UCA1BRW_H
00000608   UCA1MCTL
0000060a   UCA1STAT
0000060c   UCA1RXBUF
0000060e   UCA1TXBUF
00000610   UCA1ABCTL
00000612   UCA1IRCTL
00000612   UCA1IRCTL_L
00000613   UCA1IRCTL_H
0000061c   UCA1ICTL
0000061c   UCA1ICTL_L
0000061d   UCA1ICTL_H
0000061e   UCA1IV
00000620   UCB1CTLW0
00000620   UCB1CTLW0_L
00000621   UCB1CTLW0_H
00000626   UCB1BRW
00000626   UCB1BRW_L
00000627   UCB1BRW_H
0000062a   UCB1STAT
0000062c   UCB1RXBUF
0000062e   UCB1TXBUF
00000630   UCB1I2COA
00000630   UCB1I2COA_L
00000631   UCB1I2COA_H
00000632   UCB1I2CSA
00000632   UCB1I2CSA_L
00000633   UCB1I2CSA_H
0000063c   UCB1ICTL
0000063c   UCB1ICTL_L
0000063d   UCB1ICTL_H
0000063e   UCB1IV
00000700   ADC12CTL0
00000700   ADC12CTL0_L
00000701   ADC12CTL0_H
00000702   ADC12CTL1
00000702   ADC12CTL1_L
00000703   ADC12CTL1_H
00000704   ADC12CTL2
00000704   ADC12CTL2_L
00000705   ADC12CTL2_H
0000070a   ADC12IFG
0000070a   ADC12IFG_L
0000070b   ADC12IFG_H
0000070c   ADC12IE
0000070c   ADC12IE_L
0000070d   ADC12IE_H
0000070e   ADC12IV
0000070e   ADC12IV_L
0000070f   ADC12IV_H
00000710   ADC12MCTL0
00000711   ADC12MCTL1
00000712   ADC12MCTL2
00000713   ADC12MCTL3
00000714   ADC12MCTL4
00000715   ADC12MCTL5
00000716   ADC12MCTL6
00000717   ADC12MCTL7
00000718   ADC12MCTL8
00000719   ADC12MCTL9
0000071a   ADC12MCTL10
0000071b   ADC12MCTL11
0000071c   ADC12MCTL12
0000071d   ADC12MCTL13
0000071e   ADC12MCTL14
0000071f   ADC12MCTL15
00000720   ADC12MEM0
00000720   ADC12MEM0_L
00000721   ADC12MEM0_H
00000722   ADC12MEM1
00000722   ADC12MEM1_L
00000723   ADC12MEM1_H
00000724   ADC12MEM2
00000724   ADC12MEM2_L
00000725   ADC12MEM2_H
00000726   ADC12MEM3
00000726   ADC12MEM3_L
00000727   ADC12MEM3_H
00000728   ADC12MEM4
00000728   ADC12MEM4_L
00000729   ADC12MEM4_H
0000072a   ADC12MEM5
0000072a   ADC12MEM5_L
0000072b   ADC12MEM5_H
0000072c   ADC12MEM6
0000072c   ADC12MEM6_L
0000072d   ADC12MEM6_H
0000072e   ADC12MEM7
0000072e   ADC12MEM7_L
0000072f   ADC12MEM7_H
00000730   ADC12MEM8
00000730   ADC12MEM8_L
00000731   ADC12MEM8_H
00000732   ADC12MEM9
00000732   ADC12MEM9_L
00000733   ADC12MEM9_H
00000734   ADC12MEM10
00000734   ADC12MEM10_L
00000735   ADC12MEM10_H
00000736   ADC12MEM11
00000736   ADC12MEM11_L
00000737   ADC12MEM11_H
00000738   ADC12MEM12
00000738   ADC12MEM12_L
00000739   ADC12MEM12_H
0000073a   ADC12MEM13
0000073a   ADC12MEM13_L
0000073b   ADC12MEM13_H
0000073c   ADC12MEM14
0000073c   ADC12MEM14_L
0000073d   ADC12MEM14_H
0000073e   ADC12MEM15
0000073e   ADC12MEM15_L
0000073f   ADC12MEM15_H
000008c0   CBCTL0
000008c0   CBCTL0_L
000008c1   CBCTL0_H
000008c2   CBCTL1
000008c2   CBCTL1_L
000008c3   CBCTL1_H
000008c4   CBCTL2
000008c4   CBCTL2_L
000008c5   CBCTL2_H
000008c6   CBCTL3
000008c6   CBCTL3_L
000008c7   CBCTL3_H
000008cc   CBINT
000008cc   CBINT_L
000008cd   CBINT_H
000008ce   CBIV
00000900   USBKEYID
00000900   USBKEYID_L
00000901   USBKEYID_H
00000902   USBCNF
00000902   USBCNF_L
00000903   USBCNF_H
00000904   USBPHYCTL
00000904   USBPHYCTL_L
00000905   USBPHYCTL_H
00000908   USBPWRCTL
00000908   USBPWRCTL_L
00000909   USBPWRCTL_H
00000910   USBPLLCTL
00000910   USBPLLCTL_L
00000911   USBPLLCTL_H
00000912   USBPLLDIVB
00000912   USBPLLDIVB_L
00000913   USBPLLDIVB_H
00000914   USBPLLIR
00000914   USBPLLIR_L
00000915   USBPLLIR_H
00000920   USBIEPCNF_0
00000921   USBIEPCNT_0
00000922   USBOEPCNF_0
00000923   USBOEPCNT_0
0000092e   USBIEPIE
0000092f   USBOEPIE
00000930   USBIEPIFG
00000931   USBOEPIFG
00000932   USBVECINT
00000932   USBVECINT_L
00000933   USBVECINT_H
00000936   USBMAINT
00000936   USBMAINT_L
00000937   USBMAINT_H
00000938   USBTSREG
00000938   USBTSREG_L
00000939   USBTSREG_H
0000093a   USBFN
0000093a   USBFN_L
0000093b   USBFN_H
0000093c   USBCTL
0000093d   USBIE
0000093e   USBIFG
0000093f   USBFUNADR
00001c00   USBSTABUFF
0000236f   USBTOPBUFF
00002370   USBOEP0BUF
00002378   USBIEP0BUF
00002380   USBSUBLK
00002388   USBOEPCNF_1
00002389   USBOEPBBAX_1
0000238a   USBOEPBCTX_1
0000238d   USBOEPBBAY_1
0000238e   USBOEPBCTY_1
0000238f   USBOEPSIZXY_1
00002390   USBOEPCNF_2
00002391   USBOEPBBAX_2
00002392   USBOEPBCTX_2
00002395   USBOEPBBAY_2
00002396   USBOEPBCTY_2
00002397   USBOEPSIZXY_2
00002398   USBOEPCNF_3
00002399   USBOEPBBAX_3
0000239a   USBOEPBCTX_3
0000239d   USBOEPBBAY_3
0000239e   USBOEPBCTY_3
0000239f   USBOEPSIZXY_3
000023a0   USBOEPCNF_4
000023a1   USBOEPBBAX_4
000023a2   USBOEPBCTX_4
000023a5   USBOEPBBAY_4
000023a6   USBOEPBCTY_4
000023a7   USBOEPSIZXY_4
000023a8   USBOEPCNF_5
000023a9   USBOEPBBAX_5
000023aa   USBOEPBCTX_5
000023ad   USBOEPBBAY_5
000023ae   USBOEPBCTY_5
000023af   USBOEPSIZXY_5
000023b0   USBOEPCNF_6
000023b1   USBOEPBBAX_6
000023b2   USBOEPBCTX_6
000023b5   USBOEPBBAY_6
000023b6   USBOEPBCTY_6
000023b7   USBOEPSIZXY_6
000023b8   USBOEPCNF_7
000023b9   USBOEPBBAX_7
000023ba   USBOEPBCTX_7
000023bd   USBOEPBBAY_7
000023be   USBOEPBCTY_7
000023bf   USBOEPSIZXY_7
000023c8   USBIEPCNF_1
000023c9   USBIEPBBAX_1
000023ca   USBIEPBCTX_1
000023cd   USBIEPBBAY_1
000023ce   USBIEPBCTY_1
000023cf   USBIEPSIZXY_1
000023d0   USBIEPCNF_2
000023d1   USBIEPBBAX_2
000023d2   USBIEPBCTX_2
000023d5   USBIEPBBAY_2
000023d6   USBIEPBCTY_2
000023d7   USBIEPSIZXY_2
000023d8   USBIEPCNF_3
000023d9   USBIEPBBAX_3
000023da   USBIEPBCTX_3
000023dd   USBIEPBBAY_3
000023de   USBIEPBCTY_3
000023df   USBIEPSIZXY_3
000023e0   USBIEPCNF_4
000023e1   USBIEPBBAX_4
000023e2   USBIEPBCTX_4
000023e5   USBIEPBBAY_4
000023e6   USBIEPBCTY_4
000023e7   USBIEPSIZXY_4
000023e8   USBIEPCNF_5
000023e9   USBIEPBBAX_5
000023ea   USBIEPBCTX_5
000023ed   USBIEPBBAY_5
000023ee   USBIEPBCTY_5
000023ef   USBIEPSIZXY_5
000023f0   USBIEPCNF_6
000023f1   USBIEPBBAX_6
000023f2   USBIEPBCTX_6
000023f5   USBIEPBBAY_6
000023f6   USBIEPBCTY_6
000023f7   USBIEPSIZXY_6
000023f8   USBIEPCNF_7
000023f9   USBIEPBBAX_7
000023fa   USBIEPBCTX_7
000023fd   USBIEPBBAY_7
000023fe   USBIEPBCTY_7
000023ff   USBIEPSIZXY_7
00002400   .bss
00002400   DMA_Canal_0
00002400   __bss__
00002604   DMA_Canal_1
00002808   estado_canal_0
00002809   estado_canal_1
0000280e   bufferArchivo
00002828   hora
0000282c   min
00002830   seg
00002834   dia
00002838   mes
0000283c   anio
00002840   stream_archivo
00002aa4   canal_tx_stream
00002aa6   names
00002b6e   output
00002b80   path
00002bb2   pathLengths
00002bbc   nameLengths
00002bee   numNames
00002bef   namesIndex
00002bf0   listIndex
00002bf1   selectedIndex
00002bf2   selectedLength
00002bf4   buff
00002cf4   cadena_hora
00002cfa   cadena_temperatura
00002d00   cadena_resistencia
00002d06   cadena_conductividad
00002d0c   cadena_datos
00002d12   cadena_archivos
00002d30   canal_rx_0
00002d86   canal_tx_0
00002ddc   canal_rx_2
00002e32   canal_tx_2
00002e88   terminal
0000301e   cadena_test
0000302e   cadena_nerox
0000303a   cadena_cond
00003054   cadena_temp
0000306e   caracteres_xbob_4
000030ae   canal_salida_xbob
000030b0   medicion_adc_0
00003130   indice
00003134   buffers_completos
00003136   conductividadPromedioObtenida
0000313a   PT100PromedioObtenido
0000313c   I_Integral_Media_Onda_Promediado
00003140   V_Integral_Media_Onda_Promediado
00003144   V_Acumulador
00003148   I_Acumulador
0000314c   I_Maximo_Promedio
00003150   V_Maximo_Promedio
00003154   valorBajoConductividad
00003156   valorAltoConductividad
00003158   valorBajoIngConductividad
0000315a   valorAltoIngConductividad
0000315c   Pendiente_Conductividad
00003160   Offset_Conductividad
00003164   conductividadProcesada
00003166   conductividadProcesada_recibida
00003168   conductividadProcesada_prev
0000316a   conductividadProcesada_recibida_prev
0000316c   PConductividad
00003170   PConductividadCompensada
00003174   OffsetConductividadCompensada
00003178   factorCorreccion
0000317c   compensacionTemperatura
00003180   corrimiento_temperatura
00003184   compensacionPorTemperaturaFlag
00003186   PT100A
00003188   PT100B
0000318a   PPT100
0000318e   ADC_R_Alto
00003192   ADC_R_Bajo
00003196   R_Alto
0000319a   R_Bajo
0000319e   Pendiente_Resistencia
000031a2   Offset_Resistencia
000031a6   Resistencia_Medida
000031aa   temperaturaProcesada
000031ac   temperaturaProcesada_recibida
000031ae   temperaturaProcesada_prev
000031b0   temperaturaProcesada_recibida_prev
000031b2   Pendiente_Temperatura
000031b6   Offset_Temperatura
000031ba   RLeida
000031be   pwm1
000031e6   sgn_senoidal_largo
000031e8   sgn_senoidal_fs
000031ea   sgn_senoidal_muestras
0000320a   Pendiente_Resistencia_tmp
0000320e   Offset_Resistencia_tmp
00003212   Pendiente_Conductividad_tmp
00003216   Offset_Conductividad_tmp
0000321a   modo_envio_T
0000321c   modo_envio_K
0000321e   ind_archivo
0000321f   ind_acumulado
00003220   hour_tmp
00003221   min_tmp
00003222   sec_tmp
00003223   day_tmp
00003224   mon_tmp
00003226   year_tmp
00003228   modo_enviar_f_y_h
0000322a   sec_BCD
0000322b   min_BCD
0000322c   hour_BCD
0000322d   day_BCD
0000322e   mon_BCD
00003230   year_BCD
00003232   lectura_registros_RTC
00003234   timeout_UART1
0000323a   timeout_Slave
00003242   contador_ts
00003244   _lock
00003248   _unlock
0000324c   _cleanup_ptr
00003250   _dtors_ptr
00003254   delay_timer_A2
0000325e   INS
00003262   calibrar_temperatura_estado
00003264   modo_establecido
00003266   haySD
00003268   __end__
00003268   end
00004360   _stack
00004400   RTC_ISR
00004400   __STACK_END
000044e8   USCI_A0_ISR
00004586   USCI_A1_ISR
00004624   DMA_ISR
00004698   ADC12_ISR
000046de   TIMER1_A0_ISR
0000470a   _c_int00
0000470a   _c_int00_noexit
00004734   TIMER2_A0_ISR
0000475a   __cinit__
0000475a   cinit
000049ce   Modos_Maq_Estados
00005f90   f_write
0000621c   f_lseek
0000646c   Frame_Respuesta
00006686   Dir_Pin
0000689e   f_open
00006ab6   f_mkdir
00006cc6   f_read
00006ea6   ArchivoLogGeneral
0000703e   put_fat
000074ae   Procesar_Sgn_Conductividad
000075f2   disk_initialize
00007732   get_fat
00007984   Procesar_Frame_Recibido
00007a9c   Log_Datos_Binarios
00007ba6   Medicion_Sensores
00007cac   f_unlink
00007da8   Inicializacion_Hardware_Board
00007f9c   disk_ioctl
00008180   Init_FLL
00008264   DatosFechaHora
00008344   Enviar_Medicion_Binario
00008682   disk_write
0000873e   AppWriteFile
000087f8   Iniciar_Medicion_Conductividad
000088b0   GetDirectory
00008aba   f_sync
00008b62   Temperatura
00008c04   f_opendir
00008ca6   Conductividad
00008e78   main
00008fa6   disk_read
0000903a   PWM_Init_TA1_1
000090c6   Escribir_DWord_en_Flash
000091ce   Establecer_Registros_RTC
00009250   Leer_Stream_Archivo
000092c8   Extraer_Nombre_de_Archivo
0000933a   Escribir_Word_en_Flash
000093a8   Archivo_Log_Datos_Binario
00009410   f_readdir
00009474   ClearTempData
000094d6   Escribir_Byte_en_Flash
00009538   Decodificar_Comando
00009598   Inicializacion_Hardware_Conductividad
000095f6   Inicializar_DMA
0000970c   __divul
0000970c   __remul
000097bc   RecuperarVariablesFlash
00009862   Inicializar_ADC_Conductividad
000098b0   calculoFactorCompensacionTemperatura
000098fc   Encabezado
00009946   SDCard_init
00009990   Inicializar_ADC_Sensores
000099d8   Leer_Frame
00009a20   WriteFile
00009a68   _auto_init
00009aae   Inicializar_Canal_1
00009af2   Inicializar_Canal_2
00009b36   Init_RTC
00009b76   Resistencia_Calibracion
00009bb6   SetVCore
00009bf6   __divli
00009bf6   __remli
00009c36   clust2sect
00009c74   L_ASR_15
00009c78   L_ASR_14
00009c7c   L_ASR_13
00009c80   L_ASR_12
00009c84   L_ASR_11
00009c88   L_ASR_10
00009c8c   L_ASR_9
00009c90   L_ASR_8
00009c94   L_ASR_7
00009c98   L_ASR_6
00009c9c   L_ASR_5
00009ca0   L_ASR_4
00009ca4   L_ASR_3
00009ca8   L_ASR_2
00009cac   L_ASR_1
00009cb2   L_LSL_15
00009cb6   L_LSL_14
00009cba   L_LSL_13
00009cbe   L_LSL_12
00009cc2   L_LSL_11
00009cc6   L_LSL_10
00009cca   L_LSL_9
00009cce   L_LSL_8
00009cd2   L_LSL_7
00009cd6   L_LSL_6
00009cda   L_LSL_5
00009cde   L_LSL_4
00009ce2   L_LSL_3
00009ce6   L_LSL_2
00009cea   L_LSL_1
00009cf0   L_LSR_15
00009cf4   L_LSR_14
00009cf8   L_LSR_13
00009cfc   L_LSR_12
00009d00   L_LSR_11
00009d04   L_LSR_10
00009d08   L_LSR_9
00009d0c   L_LSR_8
00009d10   L_LSR_7
00009d14   L_LSR_6
00009d18   L_LSR_5
00009d1c   L_LSR_4
00009d20   L_LSR_3
00009d24   L_LSR_2
00009d28   L_LSR_1
00009d2e   Inicializar_Terminal
00009d6a   PWM_Cargar_Sgn
00009da6   PWM_Setear_Fsw
00009de0   EncabezadoTabla
00009e18   Timer_A2_Delay
00009e50   Init_FLL_Settle
00009e86   LFXT_Start
00009ebc   PWM_Setear_Duty
00009f5e   Frame_Timeout
00009f90   Inicializar_FLL
00009fc2   Inicializar_UART0
00009ff4   Inicializar_UART1
0000a026   SDCard_readFrame
0000a058   CompararArray_8_bits
0000a088   Promediar_Sgn_Sensores
0000a0b8   f_mount
0000a0e6   Inicializar_Timer_ADC_Fs
0000a112   __divi
0000a112   __remi
0000a16a   Iniciar_Medicion_Sensores
0000a194   PWM_Activar_Salida
0000a1be   SDCard_sendFrame
0000a1e8   Init_Leer_Stream_Archivo
0000a210   ExistingFile
0000a236   ExistingDirectory
0000a25a   Concatenar_CRC
0000a27c   __mpyl_f5hw
0000a29e   CopiarArray_8_bits
0000a2be   PWM_Desactivar_Salida
0000a2de   disk_status
0000a2fe   strcat
0000a31e   CRC16
0000a33c   CreateDirectory
0000a35a   Leer_Registros_RTC
0000a378   Activar_Timeout_Slave
0000a394   Finalizar_Timer_ADC
0000a3c4   __divu
0000a3c4   __remu
0000a3da   __mpyi_f5hw
0000a3f0   strcpy
0000a41a   f_close
0000a442   memset
0000a456   SDCard_fastMode
0000a47a   memcpy
0000a48c   strlen
0000a49e   Apagar_ADC
0000a4ae   Inicializar_Timeout_UART_1
0000a4be   Iniciar_Transmision_Paquete_UART0
0000a4ce   Iniciar_Transmision_Paquete_UART1
0000a4de   L_LSL
0000a50e   Inicializar_XBOB
0000a518   get_fattime
0000a522   I_LSL
0000a52c   PCB_Analogico_OFF
0000a534   PCB_Analogico_ON
0000a53c   SDCard_setCSHigh
0000a544   SDCard_setCSLow
0000a558   _system_pre_init
0000a55c   C$$EXIT
0000a55c   abort
0000a560   _nop
0000a762   lista_de_comandos
0000a876   cadena_error_con
0000a87c   cadena_error_crc
0000a882   cadena_error_dat
0000a888   cadena_error_noi
0000a88e   cadena_error_ubq
0000a894   cadena_error_unk
0000a89a   cadena_estoy
0000fffe   _reset_vector
ffffffff   .text
ffffffff   __binit__
ffffffff   __c_args__
ffffffff   __etext__
ffffffff   __pinit__
ffffffff   __text__
ffffffff   binit
ffffffff   etext
ffffffff   pinit

[1075 symbols]
